2026-01-20T19:20:40.5402100Z Container start method called.
2026-01-20T19:20:40.5491632Z Establishing network.
2026-01-20T19:20:40.5498796Z Pulling image: appsvc/python:3.10_20251017.5.tuxprod.
2026-01-20T19:20:40.9256831Z Container is starting.
2026-01-20T19:20:40.9265121Z Establishing user namespace if not established already.
2026-01-20T19:20:40.9267757Z Establishing network if not established already.
2026-01-20T19:20:40.9270221Z Mounting volumes.
2026-01-20T19:20:40.9340216Z Nested mountpoint 
2026-01-20T19:20:40.9719051Z Nested mountpoint volatile/logs
2026-01-20T19:20:40.9814939Z Nested mountpoint 
2026-01-20T19:20:41.0717606Z Nested mountpoint 
2026-01-20T19:20:41.0995067Z Nested mountpoint 
2026-01-20T19:20:41.5232698Z Creating container.
2026-01-20T19:20:41.5234767Z Creating pipes for streaming container io.
2026-01-20T19:20:41.5237105Z Creating stdout named pipe at /podr/container/pipe/a5573c920232_apc-doublemanda-backend-up/stdout_1dd25c87d474484cbaa4095844b04528.
2026-01-20T19:20:41.5315003Z Successfully created stdout named pipe at: /podr/container/pipe/a5573c920232_apc-doublemanda-backend-up/stdout_1dd25c87d474484cbaa4095844b04528.
2026-01-20T19:20:41.5316451Z Opening named pipe /podr/container/pipe/a5573c920232_apc-doublemanda-backend-up/stdout_1dd25c87d474484cbaa4095844b04528 for reading in non-blocking mode.
2026-01-20T19:20:41.5317544Z Successfully opened named pipe: /podr/container/pipe/a5573c920232_apc-doublemanda-backend-up/stdout_1dd25c87d474484cbaa4095844b04528.
2026-01-20T19:20:41.5318234Z Successfully removed non-blocking flag from /podr/container/pipe/a5573c920232_apc-doublemanda-backend-up/stdout_1dd25c87d474484cbaa4095844b04528.
2026-01-20T19:20:41.5319056Z Creating stderr named pipe at /podr/container/pipe/a5573c920232_apc-doublemanda-backend-up/stderr_e7a534df90d546c4be090778d1560bd9.
2026-01-20T19:20:41.5320157Z Successfully created stderr named pipe at: /podr/container/pipe/a5573c920232_apc-doublemanda-backend-up/stderr_e7a534df90d546c4be090778d1560bd9.
2026-01-20T19:20:41.5320900Z Opening named pipe /podr/container/pipe/a5573c920232_apc-doublemanda-backend-up/stderr_e7a534df90d546c4be090778d1560bd9 for reading in non-blocking mode.
2026-01-20T19:20:41.5321735Z Successfully opened named pipe: /podr/container/pipe/a5573c920232_apc-doublemanda-backend-up/stderr_e7a534df90d546c4be090778d1560bd9.
2026-01-20T19:20:41.5322435Z Successfully removed non-blocking flag from /podr/container/pipe/a5573c920232_apc-doublemanda-backend-up/stderr_e7a534df90d546c4be090778d1560bd9.
2026-01-20T19:20:41.5323329Z Creating container with image: appsvc/python:3.10_20251017.5.tuxprod from registry: 10.1.0.4:13209 and fully qualified image name: 10.1.0.4:13209/appsvc/python:3.10_20251017.5.tuxprod
2026-01-20T19:20:42.0799887Z Starting container: a5573c920232_apc-doublemanda-backend-up.
2026-01-20T19:20:42.1351408Z Starting watchers and probes.
2026-01-20T19:20:42.1360477Z Starting metrics collection.
2026-01-20T19:20:42.1365311Z Container is running.
2026-01-20T19:20:43.2172098Z Container start method finished after 2676 ms.
2026-01-20T19:21:19.0553693Z Site startup probe succeeded after 35.6379204 seconds.
2026-01-20T19:21:19.2886962Z Site is running with deployment version: e4a2e873-4314-4df1-b099-5689b3f2e048
2026-01-20T19:21:19.2947688Z Site started.
2026-01-20T19:21:19.3661678Z Site is running with patch version PYTHON 3.10.19
2026-01-20T19:33:10.8191057Z Container start method called.
2026-01-20T19:33:10.8192100Z Establishing network.
2026-01-20T19:33:10.8192724Z Pulling image: appsvc/python:3.10_20251017.5.tuxprod.
2026-01-20T19:33:11.5171454Z Container is starting.
2026-01-20T19:33:11.5172600Z Establishing user namespace if not established already.
2026-01-20T19:33:11.5173139Z Establishing network if not established already.
2026-01-20T19:33:11.5173755Z Mounting volumes.
2026-01-20T19:33:11.5174713Z Nested mountpoint 
2026-01-20T19:33:11.5773467Z Nested mountpoint volatile/logs
2026-01-20T19:33:11.6064541Z Nested mountpoint 
2026-01-20T19:33:11.6068639Z Nested mountpoint 
2026-01-20T19:33:11.6148471Z Nested mountpoint 
2026-01-20T19:33:12.4059660Z Creating container.
2026-01-20T19:33:12.4146145Z Creating pipes for streaming container io.
2026-01-20T19:33:12.4168063Z Creating stdout named pipe at /podr/container/pipe/a8d4b1c779c2_apc-doublemanda-backend-up/stdout_254a0da9dfeb4880a0324d9069fbfe93.
2026-01-20T19:33:12.4748791Z Successfully created stdout named pipe at: /podr/container/pipe/a8d4b1c779c2_apc-doublemanda-backend-up/stdout_254a0da9dfeb4880a0324d9069fbfe93.
2026-01-20T19:33:12.4752718Z Opening named pipe /podr/container/pipe/a8d4b1c779c2_apc-doublemanda-backend-up/stdout_254a0da9dfeb4880a0324d9069fbfe93 for reading in non-blocking mode.
2026-01-20T19:33:12.4754167Z Successfully opened named pipe: /podr/container/pipe/a8d4b1c779c2_apc-doublemanda-backend-up/stdout_254a0da9dfeb4880a0324d9069fbfe93.
2026-01-20T19:33:12.4754709Z Successfully removed non-blocking flag from /podr/container/pipe/a8d4b1c779c2_apc-doublemanda-backend-up/stdout_254a0da9dfeb4880a0324d9069fbfe93.
2026-01-20T19:33:12.4755414Z Creating stderr named pipe at /podr/container/pipe/a8d4b1c779c2_apc-doublemanda-backend-up/stderr_e016be995d7747c3a5c7f34806d91cc5.
2026-01-20T19:33:12.4756379Z Successfully created stderr named pipe at: /podr/container/pipe/a8d4b1c779c2_apc-doublemanda-backend-up/stderr_e016be995d7747c3a5c7f34806d91cc5.
2026-01-20T19:33:12.4756839Z Opening named pipe /podr/container/pipe/a8d4b1c779c2_apc-doublemanda-backend-up/stderr_e016be995d7747c3a5c7f34806d91cc5 for reading in non-blocking mode.
2026-01-20T19:33:12.4757382Z Successfully opened named pipe: /podr/container/pipe/a8d4b1c779c2_apc-doublemanda-backend-up/stderr_e016be995d7747c3a5c7f34806d91cc5.
2026-01-20T19:33:12.4757862Z Successfully removed non-blocking flag from /podr/container/pipe/a8d4b1c779c2_apc-doublemanda-backend-up/stderr_e016be995d7747c3a5c7f34806d91cc5.
2026-01-20T19:33:12.4758486Z Creating container with image: appsvc/python:3.10_20251017.5.tuxprod from registry: 10.1.0.4:13209 and fully qualified image name: 10.1.0.4:13209/appsvc/python:3.10_20251017.5.tuxprod
2026-01-20T19:33:13.7855663Z Starting container: a8d4b1c779c2_apc-doublemanda-backend-up.
2026-01-20T19:33:13.9556435Z Starting watchers and probes.
2026-01-20T19:33:13.9562172Z Starting metrics collection.
2026-01-20T19:33:13.9565771Z Container is running.
2026-01-20T19:33:14.4056991Z Container start method finished after 3586 ms.
2026-01-20T19:34:14.0438468Z Site startup probe succeeded after 59.5606005 seconds.
2026-01-20T19:34:14.5739428Z Site is running with deployment version: e4a2e873-4314-4df1-b099-5689b3f2e048
2026-01-20T19:34:14.5823081Z Site started.
2026-01-20T19:34:14.5842355Z Site is running with patch version PYTHON 3.10.19
2026-01-20T19:34:35.1578044Z Container is terminating. Grace period: 5 seconds.
2026-01-20T19:34:35.3362898Z Stop and delete container. Retry count = 0
2026-01-20T19:34:35.3372462Z Stopping container: a5573c920232_apc-doublemanda-backend-up.
2026-01-20T19:34:40.5195787Z Deleting container: a5573c920232_apc-doublemanda-backend-up. Retry count = 0
2026-01-20T19:34:42.5862718Z Container spec TerminationMessagePolicy  path 
2026-01-20T19:34:42.5869344Z Container is terminated. Total time elapsed: 7427 ms.
2026-01-20T19:34:42.5980555Z Site: apc-doublemanda-backend-up stopped.
2026-01-20T19:37:37.4409236Z Container start method called.
2026-01-20T19:37:37.4410668Z Establishing network.
2026-01-20T19:37:37.4412001Z Pulling image: appsvc/python:3.10_20251017.5.tuxprod.
2026-01-20T19:38:04.8463003Z Container is starting.
2026-01-20T19:38:04.8973463Z Establishing user namespace if not established already.
2026-01-20T19:38:04.8984321Z Establishing network if not established already.
2026-01-20T19:38:04.8992930Z Mounting volumes.
2026-01-20T19:38:04.9059750Z Nested mountpoint 
2026-01-20T19:38:04.9458290Z Nested mountpoint volatile/logs
2026-01-20T19:38:04.9482815Z Nested mountpoint 
2026-01-20T19:38:05.0355616Z Nested mountpoint 
2026-01-20T19:38:05.1059115Z Nested mountpoint 
2026-01-20T19:38:05.4834465Z Creating container.
2026-01-20T19:38:05.4845592Z Creating pipes for streaming container io.
2026-01-20T19:38:05.4852048Z Creating stdout named pipe at /podr/container/pipe/643134ecdd88_apc-doublemanda-backend-up/stdout_24072ca0869341e2bfbf0918d8a1303e.
2026-01-20T19:38:05.4860911Z Successfully created stdout named pipe at: /podr/container/pipe/643134ecdd88_apc-doublemanda-backend-up/stdout_24072ca0869341e2bfbf0918d8a1303e.
2026-01-20T19:38:05.4949820Z Opening named pipe /podr/container/pipe/643134ecdd88_apc-doublemanda-backend-up/stdout_24072ca0869341e2bfbf0918d8a1303e for reading in non-blocking mode.
2026-01-20T19:38:05.4953145Z Successfully opened named pipe: /podr/container/pipe/643134ecdd88_apc-doublemanda-backend-up/stdout_24072ca0869341e2bfbf0918d8a1303e.
2026-01-20T19:38:05.4958712Z Successfully removed non-blocking flag from /podr/container/pipe/643134ecdd88_apc-doublemanda-backend-up/stdout_24072ca0869341e2bfbf0918d8a1303e.
2026-01-20T19:38:05.5035349Z Creating stderr named pipe at /podr/container/pipe/643134ecdd88_apc-doublemanda-backend-up/stderr_2602de93035c43e7aeecdaf64b4bfb12.
2026-01-20T19:38:05.5039856Z Successfully created stderr named pipe at: /podr/container/pipe/643134ecdd88_apc-doublemanda-backend-up/stderr_2602de93035c43e7aeecdaf64b4bfb12.
2026-01-20T19:38:05.5040705Z Opening named pipe /podr/container/pipe/643134ecdd88_apc-doublemanda-backend-up/stderr_2602de93035c43e7aeecdaf64b4bfb12 for reading in non-blocking mode.
2026-01-20T19:38:05.5042829Z Successfully opened named pipe: /podr/container/pipe/643134ecdd88_apc-doublemanda-backend-up/stderr_2602de93035c43e7aeecdaf64b4bfb12.
2026-01-20T19:38:05.5048849Z Successfully removed non-blocking flag from /podr/container/pipe/643134ecdd88_apc-doublemanda-backend-up/stderr_2602de93035c43e7aeecdaf64b4bfb12.
2026-01-20T19:38:05.5050685Z Creating container with image: appsvc/python:3.10_20251017.5.tuxprod from registry: 10.1.0.4:13209 and fully qualified image name: 10.1.0.4:13209/appsvc/python:3.10_20251017.5.tuxprod
2026-01-20T19:38:06.2829244Z Starting container: 643134ecdd88_apc-doublemanda-backend-up.
2026-01-20T19:38:06.3733881Z Starting watchers and probes.
2026-01-20T19:38:06.3835483Z Starting metrics collection.
2026-01-20T19:38:06.3921491Z Container is running.
2026-01-20T19:38:06.6118843Z Container start method finished after 29170 ms.
2026-01-20T19:38:18.3731784Z Site startup probe failed after 11.6908271 seconds.
2026-01-20T19:38:18.8398053Z Failed to start site. Revert by stopping site.
2026-01-20T19:38:18.8516777Z Container is terminating. Grace period: 5 seconds.
2026-01-20T19:38:18.9185661Z Stop and delete container. Retry count = 0
2026-01-20T19:38:18.9380185Z Stopping container: 643134ecdd88_apc-doublemanda-backend-up.
2026-01-20T19:38:24.2033901Z Deleting container: 643134ecdd88_apc-doublemanda-backend-up. Retry count = 0
2026-01-20T19:38:24.4221417Z Container spec TerminationMessagePolicy  path 
2026-01-20T19:38:24.4227426Z Container is terminated. Total time elapsed: 5570 ms.
2026-01-20T19:38:24.4234528Z Site container: apc-doublemanda-backend-up terminated during site startup.
2026-01-20T19:38:24.4437162Z Site: apc-doublemanda-backend-up stopped.
2026-01-20T19:38:45.2563837Z Container is terminating. Grace period: 5 seconds.
2026-01-20T19:38:45.2743855Z Stop and delete container. Retry count = 0
2026-01-20T19:38:45.2757168Z Stopping container: a8d4b1c779c2_apc-doublemanda-backend-up.
2026-01-20T19:38:50.5669957Z Deleting container: a8d4b1c779c2_apc-doublemanda-backend-up. Retry count = 0
2026-01-20T19:38:51.5759622Z Container spec TerminationMessagePolicy  path 
2026-01-20T19:38:51.5767982Z Container is terminated. Total time elapsed: 6320 ms.
2026-01-20T19:38:51.5939461Z Site: apc-doublemanda-backend-up stopped.
2026-01-20T19:39:28.7336075Z Container start method called.
2026-01-20T19:39:28.7450478Z Establishing network.
2026-01-20T19:39:28.7456482Z Pulling image: appsvc/python:3.10_20251017.5.tuxprod.
2026-01-20T19:39:28.9844087Z Container is starting.
2026-01-20T19:39:28.9846016Z Establishing user namespace if not established already.
2026-01-20T19:39:28.9943961Z Establishing network if not established already.
2026-01-20T19:39:28.9946218Z Mounting volumes.
2026-01-20T19:39:28.9956238Z Nested mountpoint 
2026-01-20T19:39:29.0254933Z Nested mountpoint volatile/logs
2026-01-20T19:39:29.0840387Z Nested mountpoint 
2026-01-20T19:39:29.0948237Z Nested mountpoint 
2026-01-20T19:39:29.1034817Z Nested mountpoint 
2026-01-20T19:39:29.3410805Z Creating container.
2026-01-20T19:39:29.3415022Z Creating pipes for streaming container io.
2026-01-20T19:39:29.3416296Z Creating stdout named pipe at /podr/container/pipe/2cdaf654b7db_apc-doublemanda-backend-up/stdout_1295e7ca094e46939c813ab1977a464b.
2026-01-20T19:39:29.3418190Z Successfully created stdout named pipe at: /podr/container/pipe/2cdaf654b7db_apc-doublemanda-backend-up/stdout_1295e7ca094e46939c813ab1977a464b.
2026-01-20T19:39:29.3418919Z Opening named pipe /podr/container/pipe/2cdaf654b7db_apc-doublemanda-backend-up/stdout_1295e7ca094e46939c813ab1977a464b for reading in non-blocking mode.
2026-01-20T19:39:29.3419736Z Successfully opened named pipe: /podr/container/pipe/2cdaf654b7db_apc-doublemanda-backend-up/stdout_1295e7ca094e46939c813ab1977a464b.
2026-01-20T19:39:29.3420410Z Successfully removed non-blocking flag from /podr/container/pipe/2cdaf654b7db_apc-doublemanda-backend-up/stdout_1295e7ca094e46939c813ab1977a464b.
2026-01-20T19:39:29.3421150Z Creating stderr named pipe at /podr/container/pipe/2cdaf654b7db_apc-doublemanda-backend-up/stderr_4e3ea78fcb734e72a811a23b9ef542e2.
2026-01-20T19:39:29.3422748Z Successfully created stderr named pipe at: /podr/container/pipe/2cdaf654b7db_apc-doublemanda-backend-up/stderr_4e3ea78fcb734e72a811a23b9ef542e2.
2026-01-20T19:39:29.3423456Z Opening named pipe /podr/container/pipe/2cdaf654b7db_apc-doublemanda-backend-up/stderr_4e3ea78fcb734e72a811a23b9ef542e2 for reading in non-blocking mode.
2026-01-20T19:39:29.3424292Z Successfully opened named pipe: /podr/container/pipe/2cdaf654b7db_apc-doublemanda-backend-up/stderr_4e3ea78fcb734e72a811a23b9ef542e2.
2026-01-20T19:39:29.3425002Z Successfully removed non-blocking flag from /podr/container/pipe/2cdaf654b7db_apc-doublemanda-backend-up/stderr_4e3ea78fcb734e72a811a23b9ef542e2.
2026-01-20T19:39:29.3508795Z Creating container with image: appsvc/python:3.10_20251017.5.tuxprod from registry: 10.1.0.4:13209 and fully qualified image name: 10.1.0.4:13209/appsvc/python:3.10_20251017.5.tuxprod
2026-01-20T19:39:29.8822109Z Starting container: 2cdaf654b7db_apc-doublemanda-backend-up.
2026-01-20T19:39:29.9511620Z Starting watchers and probes.
2026-01-20T19:39:29.9606803Z Starting metrics collection.
2026-01-20T19:39:29.9612609Z Container is running.
2026-01-20T19:39:30.0300089Z Container start method finished after 1285 ms.
2026-01-20T19:40:19.6683008Z Container has finished running with exit code: 1.
2026-01-20T19:40:19.6684023Z Container is terminating. Grace period: 5 seconds.
2026-01-20T19:40:19.6724761Z Stop and delete container. Retry count = 0
2026-01-20T19:40:19.6729189Z Stopping container: 2cdaf654b7db_apc-doublemanda-backend-up.
2026-01-20T19:40:19.7738852Z Deleting container: 2cdaf654b7db_apc-doublemanda-backend-up. Retry count = 0
2026-01-20T19:40:20.2362469Z Container spec TerminationMessagePolicy  path 
2026-01-20T19:40:20.2441372Z Container is terminated. Total time elapsed: 575 ms.
2026-01-20T19:40:20.2445549Z Site container: apc-doublemanda-backend-up terminated during site startup.
2026-01-20T19:40:20.3070981Z Site startup probe failed after 50.2465616 seconds.
2026-01-20T19:40:20.5751165Z Failed to start site. Revert by stopping site.
2026-01-20T19:40:20.5928228Z Site: apc-doublemanda-backend-up stopped.
2026-01-20T19:40:29.1419898Z Container start method called.
2026-01-20T19:40:29.1475968Z Establishing network.
2026-01-20T19:40:29.1477740Z Pulling image: appsvc/python:3.10_20251017.5.tuxprod.
2026-01-20T19:40:29.4458934Z Container is starting.
2026-01-20T19:40:29.4471702Z Establishing user namespace if not established already.
2026-01-20T19:40:29.4552240Z Establishing network if not established already.
2026-01-20T19:40:29.4557076Z Mounting volumes.
2026-01-20T19:40:29.4566460Z Nested mountpoint 
2026-01-20T19:40:29.4873697Z Nested mountpoint volatile/logs
2026-01-20T19:40:29.5166551Z Nested mountpoint 
2026-01-20T19:40:29.5171558Z Nested mountpoint 
2026-01-20T19:40:29.5749986Z Nested mountpoint 
2026-01-20T19:40:29.8557594Z Creating container.
2026-01-20T19:40:29.8558423Z Creating pipes for streaming container io.
2026-01-20T19:40:29.8559116Z Creating stdout named pipe at /podr/container/pipe/71d5bb51276a_apc-doublemanda-backend-up/stdout_a79cb20319694e228563557fa9e7c44b.
2026-01-20T19:40:29.8560529Z Successfully created stdout named pipe at: /podr/container/pipe/71d5bb51276a_apc-doublemanda-backend-up/stdout_a79cb20319694e228563557fa9e7c44b.
2026-01-20T19:40:29.8568520Z Opening named pipe /podr/container/pipe/71d5bb51276a_apc-doublemanda-backend-up/stdout_a79cb20319694e228563557fa9e7c44b for reading in non-blocking mode.
2026-01-20T19:40:29.8571261Z Successfully opened named pipe: /podr/container/pipe/71d5bb51276a_apc-doublemanda-backend-up/stdout_a79cb20319694e228563557fa9e7c44b.
2026-01-20T19:40:29.8657721Z Successfully removed non-blocking flag from /podr/container/pipe/71d5bb51276a_apc-doublemanda-backend-up/stdout_a79cb20319694e228563557fa9e7c44b.
2026-01-20T19:40:29.8658491Z Creating stderr named pipe at /podr/container/pipe/71d5bb51276a_apc-doublemanda-backend-up/stderr_52a60974f1324dbd82746dddcb471e86.
2026-01-20T19:40:29.8659469Z Successfully created stderr named pipe at: /podr/container/pipe/71d5bb51276a_apc-doublemanda-backend-up/stderr_52a60974f1324dbd82746dddcb471e86.
2026-01-20T19:40:29.8659977Z Opening named pipe /podr/container/pipe/71d5bb51276a_apc-doublemanda-backend-up/stderr_52a60974f1324dbd82746dddcb471e86 for reading in non-blocking mode.
2026-01-20T19:40:29.8660566Z Successfully opened named pipe: /podr/container/pipe/71d5bb51276a_apc-doublemanda-backend-up/stderr_52a60974f1324dbd82746dddcb471e86.
2026-01-20T19:40:29.8661022Z Successfully removed non-blocking flag from /podr/container/pipe/71d5bb51276a_apc-doublemanda-backend-up/stderr_52a60974f1324dbd82746dddcb471e86.
2026-01-20T19:40:29.8661654Z Creating container with image: appsvc/python:3.10_20251017.5.tuxprod from registry: 10.1.0.4:13209 and fully qualified image name: 10.1.0.4:13209/appsvc/python:3.10_20251017.5.tuxprod
2026-01-20T19:40:30.2514649Z Starting container: 71d5bb51276a_apc-doublemanda-backend-up.
2026-01-20T19:40:30.2933571Z Starting watchers and probes.
2026-01-20T19:40:30.3225273Z Starting metrics collection.
2026-01-20T19:40:30.3590433Z Container is running.
2026-01-20T19:40:30.5299639Z Container start method finished after 1387 ms.
2026-01-20T19:41:13.2753144Z Container has finished running with exit code: 3.
2026-01-20T19:41:13.2759893Z Container is terminating. Grace period: 5 seconds.
2026-01-20T19:41:13.2763183Z Stop and delete container. Retry count = 0
2026-01-20T19:41:13.2765898Z Stopping container: 71d5bb51276a_apc-doublemanda-backend-up.
2026-01-20T19:41:13.3833097Z Deleting container: 71d5bb51276a_apc-doublemanda-backend-up. Retry count = 0
2026-01-20T19:41:13.7924201Z Container spec TerminationMessagePolicy  path 
2026-01-20T19:41:13.8012764Z Container is terminated. Total time elapsed: 517 ms.
2026-01-20T19:41:13.8024644Z Site container: apc-doublemanda-backend-up terminated during site startup.
2026-01-20T19:41:13.8418926Z Site startup probe failed after 43.3103169 seconds.
2026-01-20T19:41:14.0918625Z Failed to start site. Revert by stopping site.
2026-01-20T19:41:14.0924533Z Site: apc-doublemanda-backend-up stopped.
