2026-01-20T19:20:43.5659821Z    _____                               
2026-01-20T19:20:43.5753550Z   /  _  \ __________ _________   ____  
2026-01-20T19:20:43.5753988Z  /  /_\  \\___   /  |  \_  __ \_/ __ \ 
2026-01-20T19:20:43.5754017Z /    |    \/    /|  |  /|  | \/\  ___/ 
2026-01-20T19:20:43.5754041Z \____|__  /_____ \____/ |__|    \___  >
2026-01-20T19:20:43.5754120Z         \/      \/                  \/ 
2026-01-20T19:20:43.5754140Z A P P   S E R V I C E   O N   L I N U X
2026-01-20T19:20:43.5754172Z 
2026-01-20T19:20:43.5754195Z Documentation    : http://aka.ms/webapp-linux
2026-01-20T19:20:43.5754247Z Python quickstart: https://aka.ms/python-qs
2026-01-20T19:20:43.5754267Z Python version   : 3.10.19
2026-01-20T19:20:43.5754296Z Instance Name    : lw0sdlwk0003MW
2026-01-20T19:20:43.5754344Z Instance Id      : a13024ad68d894ec8992a849c24cbec6ead088146300e6db86ff9257fe3ce25c
2026-01-20T19:20:43.5754364Z 
2026-01-20T19:20:43.5754384Z Note: Any data outside '/home' is not persisted
2026-01-20T19:20:43.5754403Z Starting OpenBSD Secure Shell server: sshd.
2026-01-20T19:20:43.5754424Z WEBSITES_INCLUDE_CLOUD_CERTS is not set to true.
2026-01-20T19:20:43.5754461Z Updating certificates in /etc/ssl/certs...
2026-01-20T19:21:02.1115977Z rehash: warning: skipping duplicate certificate in azl_Sectigo_Public_Server_Authentication_Root_E46.pem
2026-01-20T19:21:02.1205034Z rehash: warning: skipping duplicate certificate in azl_Sectigo_Public_Server_Authentication_Root_R46.pem
2026-01-20T19:21:02.1224131Z rehash: warning: skipping duplicate certificate in azl_SSL.com_TLS_RSA_Root_CA_2022.pem
2026-01-20T19:21:02.1228083Z rehash: warning: skipping duplicate certificate in azl_SSL.com_TLS_ECC_Root_CA_2022.pem
2026-01-20T19:21:02.1728277Z 4 added, 0 removed; done.
2026-01-20T19:21:02.1807081Z Running hooks in /etc/ca-certificates/update.d...
2026-01-20T19:21:02.1918511Z done.
2026-01-20T19:21:02.2122595Z CA certificates copied and updated successfully.
2026-01-20T19:21:02.3674392Z App Command Line not configured, will attempt auto-detect
2026-01-20T19:21:02.7946685Z Starting periodic command scheduler: cron.
2026-01-20T19:21:02.8030987Z Launching oryx with: create-script -appPath /home/site/wwwroot -output /opt/startup/startup.sh -virtualEnvName antenv -defaultApp /opt/defaultsite
2026-01-20T19:21:02.9423297Z Found build manifest file at '/home/site/wwwroot/oryx-manifest.toml'. Deserializing it...
2026-01-20T19:21:02.9608238Z Build Operation ID: 3b23e48ae0b0b63f
2026-01-20T19:21:02.9697425Z Oryx Version: 0.2.20251017.2, Commit: 482d4c55e818733ab33b9d2131f9dc485a21fd03, ReleaseTagName: 20251017.2
2026-01-20T19:21:02.9703792Z Output is compressed. Extracting it...
2026-01-20T19:21:02.9719927Z Extracting '/home/site/wwwroot/output.tar.gz' to directory '/tmp/8de5858bce37c20'...
2026-01-20T19:21:12.5093421Z App path is set to '/tmp/8de5858bce37c20'
2026-01-20T19:21:12.5306797Z No framework detected; using default app from /opt/defaultsite
2026-01-20T19:21:12.5371115Z Generating `gunicorn` command for 'application:app'
2026-01-20T19:21:13.1909558Z Writing output script to '/opt/startup/startup.sh'
2026-01-20T19:21:13.5573228Z Using packages from virtual environment antenv located at /tmp/8de5858bce37c20/antenv.
2026-01-20T19:21:13.5582497Z Updated PYTHONPATH to '/opt/startup/app_logs:/tmp/8de5858bce37c20/antenv/lib/python3.10/site-packages'
2026-01-20T19:21:17.2394781Z [2026-01-20 19:21:17 +0000] [2109] [INFO] Starting gunicorn 21.2.0
2026-01-20T19:21:17.2978696Z [2026-01-20 19:21:17 +0000] [2109] [INFO] Listening at: http://0.0.0.0:8000 (2109)
2026-01-20T19:21:17.2991087Z [2026-01-20 19:21:17 +0000] [2109] [INFO] Using worker: sync
2026-01-20T19:21:17.3471540Z [2026-01-20 19:21:17 +0000] [2114] [INFO] Booting worker with pid: 2114
2026-01-20T19:21:19.0666696Z 169.254.129.1 - - [20/Jan/2026:19:21:19 +0000] "GET /robots933456.txt HTTP/1.1" 404 207 "-" "HealthCheck/1.0"
2026-01-20T19:21:19.5046323Z 169.254.129.1 - - [20/Jan/2026:19:21:19 +0000] "GET / HTTP/1.1" 200 0 "-" "ReadyForRequest/1.0 (LocalCache)"
2026-01-20T19:21:19.5555622Z 169.254.129.1 - - [20/Jan/2026:19:21:19 +0000] "GET / HTTP/1.1" 200 0 "-" "ReadyForRequest/1.0 (AppInit)"
2026-01-20T19:22:54.3340188Z 169.254.129.1 - - [20/Jan/2026:19:22:54 +0000] "GET /docs HTTP/1.1" 404 207 "-" "Mozilla/5.0 (Windows NT 10.0; Win64; x64) AppleWebKit/537.36 (KHTML, like Gecko) Chrome/143.0.0.0 Safari/537.36"
2026-01-20T19:22:54.6600971Z 169.254.129.1 - - [20/Jan/2026:19:22:54 +0000] "GET /favicon.ico HTTP/1.1" 404 207 "https://apc-doublemanda-backend-up.azurewebsites.net/docs" "Mozilla/5.0 (Windows NT 10.0; Win64; x64) AppleWebKit/537.36 (KHTML, like Gecko) Chrome/143.0.0.0 Safari/537.36"
2026-01-20T19:23:22.9358946Z 169.254.129.1 - - [20/Jan/2026:19:23:22 +0000] "GET /health/db HTTP/1.1" 404 207 "-" "Mozilla/5.0 (Windows NT 10.0; Win64; x64) AppleWebKit/537.36 (KHTML, like Gecko) Chrome/143.0.0.0 Safari/537.36"
2026-01-20T19:23:33.5363108Z 169.254.129.1 - - [20/Jan/2026:19:23:33 +0000] "GET / HTTP/1.1" 200 0 "-" "Mozilla/5.0 (Windows NT 10.0; Win64; x64) AppleWebKit/537.36 (KHTML, like Gecko) Chrome/143.0.0.0 Safari/537.36"
2026-01-20T19:24:21.6157789Z 169.254.129.1 - - [20/Jan/2026:19:24:21 +0000] "GET /docs HTTP/1.1" 404 207 "-" "Mozilla/5.0 (Windows NT 10.0; Win64; x64) AppleWebKit/537.36 (KHTML, like Gecko) Chrome/143.0.0.0 Safari/537.36"
2026-01-20T19:24:30.4861685Z 169.254.129.1 - - [20/Jan/2026:19:24:30 +0000] "GET /health/db HTTP/1.1" 404 207 "-" "Mozilla/5.0 (Windows NT 10.0; Win64; x64) AppleWebKit/537.36 (KHTML, like Gecko) Chrome/143.0.0.0 Safari/537.36"
2026-01-20T19:25:13.3293653Z 169.254.129.1 - - [20/Jan/2026:19:25:13 +0000] "GET /docs HTTP/1.1" 404 207 "-" "Mozilla/5.0 (Windows NT 10.0; Win64; x64) AppleWebKit/537.36 (KHTML, like Gecko) Chrome/143.0.0.0 Safari/537.36"
2026-01-20T19:33:09.1513132Z 169.254.129.1 - - [20/Jan/2026:19:33:09 +0000] "GET /docs HTTP/1.1" 404 207 "-" "Mozilla/5.0 (Windows NT 10.0; Win64; x64) AppleWebKit/537.36 (KHTML, like Gecko) Chrome/143.0.0.0 Safari/537.36"
2026-01-20T19:33:14.3852453Z 169.254.129.1 - - [20/Jan/2026:19:33:14 +0000] "GET /health/db HTTP/1.1" 404 207 "-" "Mozilla/5.0 (Windows NT 10.0; Win64; x64) AppleWebKit/537.36 (KHTML, like Gecko) Chrome/143.0.0.0 Safari/537.36"
2026-01-20T19:33:15.0870770Z    _____                               
2026-01-20T19:33:15.0872202Z   /  _  \ __________ _________   ____  
2026-01-20T19:33:15.0872247Z  /  /_\  \\___   /  |  \_  __ \_/ __ \ 
2026-01-20T19:33:15.0872264Z /    |    \/    /|  |  /|  | \/\  ___/ 
2026-01-20T19:33:15.0872282Z \____|__  /_____ \____/ |__|    \___  >
2026-01-20T19:33:15.0872304Z         \/      \/                  \/ 
2026-01-20T19:33:15.0872320Z A P P   S E R V I C E   O N   L I N U X
2026-01-20T19:33:15.0872336Z 
2026-01-20T19:33:15.0872370Z Documentation    : http://aka.ms/webapp-linux
2026-01-20T19:33:15.0872390Z Python quickstart: https://aka.ms/python-qs
2026-01-20T19:33:15.0872407Z Python version   : 3.10.19
2026-01-20T19:33:15.0872424Z Instance Name    : lw0sdlwk0003MW
2026-01-20T19:33:15.0872447Z Instance Id      : a13024ad68d894ec8992a849c24cbec6ead088146300e6db86ff9257fe3ce25c
2026-01-20T19:33:15.0872465Z 
2026-01-20T19:33:15.0872491Z Note: Any data outside '/home' is not persisted
2026-01-20T19:33:16.8000090Z Starting OpenBSD Secure Shell server: sshd.
2026-01-20T19:33:16.8297168Z WEBSITES_INCLUDE_CLOUD_CERTS is not set to true.
2026-01-20T19:33:16.9452046Z Updating certificates in /etc/ssl/certs...
2026-01-20T19:33:19.9471510Z 169.254.129.1 - - [20/Jan/2026:19:33:19 +0000] "GET / HTTP/1.1" 304 0 "-" "Mozilla/5.0 (Windows NT 10.0; Win64; x64) AppleWebKit/537.36 (KHTML, like Gecko) Chrome/143.0.0.0 Safari/537.36"
2026-01-20T19:33:27.7773264Z 169.254.129.1 - - [20/Jan/2026:19:33:27 +0000] "GET /docs HTTP/1.1" 404 207 "-" "Mozilla/5.0 (Windows NT 10.0; Win64; x64) AppleWebKit/537.36 (KHTML, like Gecko) Chrome/143.0.0.0 Safari/537.36"
2026-01-20T19:33:33.9429396Z 169.254.129.1 - - [20/Jan/2026:19:33:33 +0000] "GET / HTTP/1.1" 304 0 "-" "Mozilla/5.0 (Windows NT 10.0; Win64; x64) AppleWebKit/537.36 (KHTML, like Gecko) Chrome/143.0.0.0 Safari/537.36"
2026-01-20T19:33:46.2401782Z rehash: warning: skipping duplicate certificate in azl_Sectigo_Public_Server_Authentication_Root_E46.pem
2026-01-20T19:33:46.2503649Z rehash: warning: skipping duplicate certificate in azl_Sectigo_Public_Server_Authentication_Root_R46.pem
2026-01-20T19:33:46.2789755Z rehash: warning: skipping duplicate certificate in azl_SSL.com_TLS_RSA_Root_CA_2022.pem
2026-01-20T19:33:46.2799442Z rehash: warning: skipping duplicate certificate in azl_SSL.com_TLS_ECC_Root_CA_2022.pem
2026-01-20T19:33:46.3510788Z 4 added, 0 removed; done.
2026-01-20T19:33:46.3786885Z Running hooks in /etc/ca-certificates/update.d...
2026-01-20T19:33:46.3987025Z done.
2026-01-20T19:33:46.4481547Z CA certificates copied and updated successfully.
2026-01-20T19:33:46.6741386Z App Command Line not configured, will attempt auto-detect
2026-01-20T19:33:47.7655157Z Starting periodic command scheduler: cron.
2026-01-20T19:33:47.7664396Z Launching oryx with: create-script -appPath /home/site/wwwroot -output /opt/startup/startup.sh -virtualEnvName antenv -defaultApp /opt/defaultsite
2026-01-20T19:33:49.4326474Z Found build manifest file at '/home/site/wwwroot/oryx-manifest.toml'. Deserializing it...
2026-01-20T19:33:49.4326790Z Build Operation ID: 3b23e48ae0b0b63f
2026-01-20T19:33:49.5595421Z Oryx Version: 0.2.20251017.2, Commit: 482d4c55e818733ab33b9d2131f9dc485a21fd03, ReleaseTagName: 20251017.2
2026-01-20T19:33:49.5681301Z Output is compressed. Extracting it...
2026-01-20T19:33:49.5884055Z Extracting '/home/site/wwwroot/output.tar.gz' to directory '/tmp/8de5858bce37c20'...
2026-01-20T19:34:03.4907232Z App path is set to '/tmp/8de5858bce37c20'
2026-01-20T19:34:03.4907680Z No framework detected; using default app from /opt/defaultsite
2026-01-20T19:34:03.4907706Z Generating `gunicorn` command for 'application:app'
2026-01-20T19:34:03.7326592Z 169.254.129.1 - - [20/Jan/2026:19:34:03 +0000] "GET / HTTP/1.1" 200 0 "-" "python-urllib3/1.26.19"
2026-01-20T19:34:05.1813047Z Writing output script to '/opt/startup/startup.sh'
2026-01-20T19:34:06.3722894Z Using packages from virtual environment antenv located at /tmp/8de5858bce37c20/antenv.
2026-01-20T19:34:06.3913785Z Updated PYTHONPATH to '/opt/startup/app_logs:/tmp/8de5858bce37c20/antenv/lib/python3.10/site-packages'
2026-01-20T19:34:10.4150148Z [2026-01-20 19:34:10 +0000] [2111] [INFO] Starting gunicorn 21.2.0
2026-01-20T19:34:10.5251452Z [2026-01-20 19:34:10 +0000] [2111] [INFO] Listening at: http://0.0.0.0:8000 (2111)
2026-01-20T19:34:10.5253693Z [2026-01-20 19:34:10 +0000] [2111] [INFO] Using worker: sync
2026-01-20T19:34:10.5738941Z [2026-01-20 19:34:10 +0000] [2115] [INFO] Booting worker with pid: 2115
2026-01-20T19:34:13.9030663Z 169.254.129.1 - - [20/Jan/2026:19:34:13 +0000] "GET /robots933456.txt HTTP/1.1" 404 207 "-" "HealthCheck/1.0"
2026-01-20T19:38:07.0517862Z    _____                               
2026-01-20T19:38:07.0604825Z   /  _  \ __________ _________   ____  
2026-01-20T19:38:07.0604992Z  /  /_\  \\___   /  |  \_  __ \_/ __ \ 
2026-01-20T19:38:07.0605058Z /    |    \/    /|  |  /|  | \/\  ___/ 
2026-01-20T19:38:07.0605076Z \____|__  /_____ \____/ |__|    \___  >
2026-01-20T19:38:07.0605091Z         \/      \/                  \/ 
2026-01-20T19:38:07.0605122Z A P P   S E R V I C E   O N   L I N U X
2026-01-20T19:38:07.0605138Z 
2026-01-20T19:38:07.0605163Z Documentation    : http://aka.ms/webapp-linux
2026-01-20T19:38:07.0605196Z Python quickstart: https://aka.ms/python-qs
2026-01-20T19:38:07.0605218Z Python version   : 3.10.19
2026-01-20T19:38:07.0605235Z Instance Name    : lw0sdlwk0003MW
2026-01-20T19:38:07.0605260Z Instance Id      : a13024ad68d894ec8992a849c24cbec6ead088146300e6db86ff9257fe3ce25c
2026-01-20T19:38:07.0605276Z 
2026-01-20T19:38:07.0605292Z Note: Any data outside '/home' is not persisted
2026-01-20T19:38:08.9168568Z Starting OpenBSD Secure Shell server: sshd.
2026-01-20T19:38:08.9684322Z WEBSITES_INCLUDE_CLOUD_CERTS is not set to true.
2026-01-20T19:38:09.2229156Z Updating certificates in /etc/ssl/certs...
2026-01-20T19:38:10.2287437Z 169.254.129.1 - - [20/Jan/2026:19:38:10 +0000] "GET /docs HTTP/1.1" 404 207 "-" "Mozilla/5.0 (Windows NT 10.0; Win64; x64) AppleWebKit/537.36 (KHTML, like Gecko) Chrome/143.0.0.0 Safari/537.36"
2026-01-20T19:39:30.1920468Z    _____                               
2026-01-20T19:39:30.1991764Z   /  _  \ __________ _________   ____  
2026-01-20T19:39:30.1991832Z  /  /_\  \\___   /  |  \_  __ \_/ __ \ 
2026-01-20T19:39:30.1991850Z /    |    \/    /|  |  /|  | \/\  ___/ 
2026-01-20T19:39:30.1991871Z \____|__  /_____ \____/ |__|    \___  >
2026-01-20T19:39:30.1994497Z         \/      \/                  \/ 
2026-01-20T19:39:30.1994537Z A P P   S E R V I C E   O N   L I N U X
2026-01-20T19:39:30.1994553Z 
2026-01-20T19:39:30.1994576Z Documentation    : http://aka.ms/webapp-linux
2026-01-20T19:39:30.1994618Z Python quickstart: https://aka.ms/python-qs
2026-01-20T19:39:30.1994636Z Python version   : 3.10.19
2026-01-20T19:39:30.1994665Z Instance Name    : lw0sdlwk0003MW
2026-01-20T19:39:30.1994688Z Instance Id      : a13024ad68d894ec8992a849c24cbec6ead088146300e6db86ff9257fe3ce25c
2026-01-20T19:39:30.1994704Z 
2026-01-20T19:39:30.1994720Z Note: Any data outside '/home' is not persisted
2026-01-20T19:39:31.6807569Z Starting OpenBSD Secure Shell server: sshd.
2026-01-20T19:39:31.7181487Z WEBSITES_INCLUDE_CLOUD_CERTS is not set to true.
2026-01-20T19:39:31.7798341Z Updating certificates in /etc/ssl/certs...
2026-01-20T19:39:46.3326349Z rehash: warning: skipping duplicate certificate in azl_Sectigo_Public_Server_Authentication_Root_E46.pem
2026-01-20T19:39:46.3339351Z rehash: warning: skipping duplicate certificate in azl_Sectigo_Public_Server_Authentication_Root_R46.pem
2026-01-20T19:39:46.3426740Z rehash: warning: skipping duplicate certificate in azl_SSL.com_TLS_RSA_Root_CA_2022.pem
2026-01-20T19:39:46.3430485Z rehash: warning: skipping duplicate certificate in azl_SSL.com_TLS_ECC_Root_CA_2022.pem
2026-01-20T19:39:46.3944452Z 4 added, 0 removed; done.
2026-01-20T19:39:46.4224677Z Running hooks in /etc/ca-certificates/update.d...
2026-01-20T19:39:46.4321529Z done.
2026-01-20T19:39:46.4437920Z CA certificates copied and updated successfully.
2026-01-20T19:39:46.5712961Z Site's appCommandLine: gunicorn -w 4 -k uvicorn.workers.UvicornWorker main:app
2026-01-20T19:39:46.8467915Z Starting periodic command scheduler: cron.
2026-01-20T19:39:46.8643927Z Launching oryx with: create-script -appPath /home/site/wwwroot -output /opt/startup/startup.sh -virtualEnvName antenv -defaultApp /opt/defaultsite -userStartupCommand 'gunicorn -w 4 -k uvicorn.workers.UvicornWorker main:app'
2026-01-20T19:39:47.1288184Z Found build manifest file at '/home/site/wwwroot/oryx-manifest.toml'. Deserializing it...
2026-01-20T19:39:47.1388503Z Build Operation ID: 3b23e48ae0b0b63f
2026-01-20T19:39:47.1475523Z Oryx Version: 0.2.20251017.2, Commit: 482d4c55e818733ab33b9d2131f9dc485a21fd03, ReleaseTagName: 20251017.2
2026-01-20T19:39:47.1481129Z Output is compressed. Extracting it...
2026-01-20T19:39:47.1563567Z Extracting '/home/site/wwwroot/output.tar.gz' to directory '/tmp/8de5858bce37c20'...
2026-01-20T19:39:52.4962184Z App path is set to '/tmp/8de5858bce37c20'
2026-01-20T19:39:53.0021719Z Writing output script to '/opt/startup/startup.sh'
2026-01-20T19:39:53.4024372Z Using packages from virtual environment antenv located at /tmp/8de5858bce37c20/antenv.
2026-01-20T19:39:53.4031053Z Updated PYTHONPATH to '/opt/startup/app_logs:/tmp/8de5858bce37c20/antenv/lib/python3.10/site-packages'
2026-01-20T19:39:55.5538104Z [2026-01-20 19:39:55 +0000] [2110] [INFO] Starting gunicorn 21.2.0
2026-01-20T19:39:55.5615605Z [2026-01-20 19:39:55 +0000] [2110] [INFO] Listening at: http://0.0.0.0:8000 (2110)
2026-01-20T19:39:55.5616832Z [2026-01-20 19:39:55 +0000] [2110] [INFO] Using worker: uvicorn.workers.UvicornWorker
2026-01-20T19:39:55.5713016Z [2026-01-20 19:39:55 +0000] [2112] [INFO] Booting worker with pid: 2112
2026-01-20T19:39:55.5927132Z [2026-01-20 19:39:55 +0000] [2113] [INFO] Booting worker with pid: 2113
2026-01-20T19:39:55.7025455Z [2026-01-20 19:39:55 +0000] [2114] [INFO] Booting worker with pid: 2114
2026-01-20T19:39:55.7429267Z [2026-01-20 19:39:55 +0000] [2115] [INFO] Booting worker with pid: 2115
2026-01-20T19:40:17.3353415Z [2026-01-20 19:40:17 +0000] [2112] [ERROR] Exception in worker process
2026-01-20T19:40:17.3353911Z Traceback (most recent call last):
2026-01-20T19:40:17.3353944Z   File "/tmp/8de5858bce37c20/antenv/lib/python3.10/site-packages/gunicorn/arbiter.py", line 609, in spawn_worker
2026-01-20T19:40:17.3354018Z     worker.init_process()
2026-01-20T19:40:17.3354041Z   File "/tmp/8de5858bce37c20/antenv/lib/python3.10/site-packages/uvicorn/workers.py", line 75, in init_process
2026-01-20T19:40:17.3354059Z     super().init_process()
2026-01-20T19:40:17.3354081Z   File "/tmp/8de5858bce37c20/antenv/lib/python3.10/site-packages/gunicorn/workers/base.py", line 134, in init_process
2026-01-20T19:40:17.3354098Z     self.load_wsgi()
2026-01-20T19:40:17.3354118Z   File "/tmp/8de5858bce37c20/antenv/lib/python3.10/site-packages/gunicorn/workers/base.py", line 146, in load_wsgi
2026-01-20T19:40:17.3354154Z     self.wsgi = self.app.wsgi()
2026-01-20T19:40:17.3354174Z   File "/tmp/8de5858bce37c20/antenv/lib/python3.10/site-packages/gunicorn/app/base.py", line 67, in wsgi
2026-01-20T19:40:17.3354191Z     self.callable = self.load()
2026-01-20T19:40:17.3354212Z   File "/tmp/8de5858bce37c20/antenv/lib/python3.10/site-packages/gunicorn/app/wsgiapp.py", line 58, in load
2026-01-20T19:40:17.3354230Z     return self.load_wsgiapp()
2026-01-20T19:40:17.3354250Z   File "/tmp/8de5858bce37c20/antenv/lib/python3.10/site-packages/gunicorn/app/wsgiapp.py", line 48, in load_wsgiapp
2026-01-20T19:40:17.3354284Z     return util.import_app(self.app_uri)
2026-01-20T19:40:17.3354302Z   File "/tmp/8de5858bce37c20/antenv/lib/python3.10/site-packages/gunicorn/util.py", line 371, in import_app
2026-01-20T19:40:17.3354341Z     mod = importlib.import_module(module)
2026-01-20T19:40:17.3354361Z   File "/opt/python/3.10.19/lib/python3.10/importlib/__init__.py", line 126, in import_module
2026-01-20T19:40:17.3354379Z     return _bootstrap._gcd_import(name[level:], package, level)
2026-01-20T19:40:17.3354411Z   File "<frozen importlib._bootstrap>", line 1050, in _gcd_import
2026-01-20T19:40:17.3354429Z   File "<frozen importlib._bootstrap>", line 1027, in _find_and_load
2026-01-20T19:40:17.3354447Z   File "<frozen importlib._bootstrap>", line 1006, in _find_and_load_unlocked
2026-01-20T19:40:17.3354464Z   File "<frozen importlib._bootstrap>", line 688, in _load_unlocked
2026-01-20T19:40:17.3354481Z   File "<frozen importlib._bootstrap_external>", line 883, in exec_module
2026-01-20T19:40:17.3354498Z   File "<frozen importlib._bootstrap>", line 241, in _call_with_frames_removed
2026-01-20T19:40:17.3354532Z   File "/tmp/8de5858bce37c20/main.py", line 3, in <module>
2026-01-20T19:40:17.3354549Z     from app.api.users.user_registration import router as user_registration
2026-01-20T19:40:17.3354567Z   File "/tmp/8de5858bce37c20/app/api/users/user_registration.py", line 7, in <module>
2026-01-20T19:40:17.3354584Z     from app.utils import token_generator
2026-01-20T19:40:17.3354601Z   File "/tmp/8de5858bce37c20/app/utils/token_generator.py", line 6, in <module>
2026-01-20T19:40:17.3354616Z     import jwt
2026-01-20T19:40:17.3361531Z ModuleNotFoundError: No module named 'jwt'
2026-01-20T19:40:17.3437197Z [2026-01-20 19:40:17 +0000] [2114] [ERROR] Exception in worker process
2026-01-20T19:40:17.3437407Z Traceback (most recent call last):
2026-01-20T19:40:17.3437434Z   File "/tmp/8de5858bce37c20/antenv/lib/python3.10/site-packages/gunicorn/arbiter.py", line 609, in spawn_worker
2026-01-20T19:40:17.3437453Z     worker.init_process()
2026-01-20T19:40:17.3437479Z   File "/tmp/8de5858bce37c20/antenv/lib/python3.10/site-packages/uvicorn/workers.py", line 75, in init_process
2026-01-20T19:40:17.3437551Z     super().init_process()
2026-01-20T19:40:17.3437572Z   File "/tmp/8de5858bce37c20/antenv/lib/python3.10/site-packages/gunicorn/workers/base.py", line 134, in init_process
2026-01-20T19:40:17.3437589Z     self.load_wsgi()
2026-01-20T19:40:17.3437608Z   File "/tmp/8de5858bce37c20/antenv/lib/python3.10/site-packages/gunicorn/workers/base.py", line 146, in load_wsgi
2026-01-20T19:40:17.3437627Z     self.wsgi = self.app.wsgi()
2026-01-20T19:40:17.3437646Z   File "/tmp/8de5858bce37c20/antenv/lib/python3.10/site-packages/gunicorn/app/base.py", line 67, in wsgi
2026-01-20T19:40:17.3437679Z     self.callable = self.load()
2026-01-20T19:40:17.3437698Z   File "/tmp/8de5858bce37c20/antenv/lib/python3.10/site-packages/gunicorn/app/wsgiapp.py", line 58, in load
2026-01-20T19:40:17.3437716Z     return self.load_wsgiapp()
2026-01-20T19:40:17.3437737Z   File "/tmp/8de5858bce37c20/antenv/lib/python3.10/site-packages/gunicorn/app/wsgiapp.py", line 48, in load_wsgiapp
2026-01-20T19:40:17.3437755Z     return util.import_app(self.app_uri)
2026-01-20T19:40:17.3437774Z   File "/tmp/8de5858bce37c20/antenv/lib/python3.10/site-packages/gunicorn/util.py", line 371, in import_app
2026-01-20T19:40:17.3437810Z     mod = importlib.import_module(module)
2026-01-20T19:40:17.3437828Z   File "/opt/python/3.10.19/lib/python3.10/importlib/__init__.py", line 126, in import_module
2026-01-20T19:40:17.3437845Z     return _bootstrap._gcd_import(name[level:], package, level)
2026-01-20T19:40:17.3437863Z   File "<frozen importlib._bootstrap>", line 1050, in _gcd_import
2026-01-20T19:40:17.3437881Z   File "<frozen importlib._bootstrap>", line 1027, in _find_and_load
2026-01-20T19:40:17.3437899Z   File "<frozen importlib._bootstrap>", line 1006, in _find_and_load_unlocked
2026-01-20T19:40:17.3437929Z   File "<frozen importlib._bootstrap>", line 688, in _load_unlocked
2026-01-20T19:40:17.3437946Z   File "<frozen importlib._bootstrap_external>", line 883, in exec_module
2026-01-20T19:40:17.3437965Z   File "<frozen importlib._bootstrap>", line 241, in _call_with_frames_removed
2026-01-20T19:40:17.3437982Z   File "/tmp/8de5858bce37c20/main.py", line 3, in <module>
2026-01-20T19:40:17.3438001Z     from app.api.users.user_registration import router as user_registration
2026-01-20T19:40:17.3438019Z   File "/tmp/8de5858bce37c20/app/api/users/user_registration.py", line 7, in <module>
2026-01-20T19:40:17.3438055Z     from app.utils import token_generator
2026-01-20T19:40:17.3438073Z   File "/tmp/8de5858bce37c20/app/utils/token_generator.py", line 6, in <module>
2026-01-20T19:40:17.3438100Z     import jwt
2026-01-20T19:40:17.3438122Z ModuleNotFoundError: No module named 'jwt'
2026-01-20T19:40:17.3440454Z [2026-01-20 19:40:17 +0000] [2114] [INFO] Worker exiting (pid: 2114)
2026-01-20T19:40:17.3523683Z [2026-01-20 19:40:17 +0000] [2115] [ERROR] Exception in worker process
2026-01-20T19:40:17.3523931Z Traceback (most recent call last):
2026-01-20T19:40:17.3523953Z   File "/tmp/8de5858bce37c20/antenv/lib/python3.10/site-packages/gunicorn/arbiter.py", line 609, in spawn_worker
2026-01-20T19:40:17.3523970Z     worker.init_process()
2026-01-20T19:40:17.3524046Z   File "/tmp/8de5858bce37c20/antenv/lib/python3.10/site-packages/uvicorn/workers.py", line 75, in init_process
2026-01-20T19:40:17.3524066Z     super().init_process()
2026-01-20T19:40:17.3524086Z   File "/tmp/8de5858bce37c20/antenv/lib/python3.10/site-packages/gunicorn/workers/base.py", line 134, in init_process
2026-01-20T19:40:17.3524104Z     self.load_wsgi()
2026-01-20T19:40:17.3524123Z   File "/tmp/8de5858bce37c20/antenv/lib/python3.10/site-packages/gunicorn/workers/base.py", line 146, in load_wsgi
2026-01-20T19:40:17.3524141Z     self.wsgi = self.app.wsgi()
2026-01-20T19:40:17.3524180Z   File "/tmp/8de5858bce37c20/antenv/lib/python3.10/site-packages/gunicorn/app/base.py", line 67, in wsgi
2026-01-20T19:40:17.3524198Z     self.callable = self.load()
2026-01-20T19:40:17.3524218Z   File "/tmp/8de5858bce37c20/antenv/lib/python3.10/site-packages/gunicorn/app/wsgiapp.py", line 58, in load
2026-01-20T19:40:17.3524237Z     return self.load_wsgiapp()
2026-01-20T19:40:17.3524258Z   File "/tmp/8de5858bce37c20/antenv/lib/python3.10/site-packages/gunicorn/app/wsgiapp.py", line 48, in load_wsgiapp
2026-01-20T19:40:17.3524277Z     return util.import_app(self.app_uri)
2026-01-20T19:40:17.3524310Z   File "/tmp/8de5858bce37c20/antenv/lib/python3.10/site-packages/gunicorn/util.py", line 371, in import_app
2026-01-20T19:40:17.3524328Z     mod = importlib.import_module(module)
2026-01-20T19:40:17.3524347Z   File "/opt/python/3.10.19/lib/python3.10/importlib/__init__.py", line 126, in import_module
2026-01-20T19:40:17.3524365Z     return _bootstrap._gcd_import(name[level:], package, level)
2026-01-20T19:40:17.3524384Z   File "<frozen importlib._bootstrap>", line 1050, in _gcd_import
2026-01-20T19:40:17.3524403Z   File "<frozen importlib._bootstrap>", line 1027, in _find_and_load
2026-01-20T19:40:17.3524438Z   File "<frozen importlib._bootstrap>", line 1006, in _find_and_load_unlocked
2026-01-20T19:40:17.3524459Z   File "<frozen importlib._bootstrap>", line 688, in _load_unlocked
2026-01-20T19:40:17.3524478Z   File "<frozen importlib._bootstrap_external>", line 883, in exec_module
2026-01-20T19:40:17.3524497Z   File "<frozen importlib._bootstrap>", line 241, in _call_with_frames_removed
2026-01-20T19:40:17.3524514Z   File "/tmp/8de5858bce37c20/main.py", line 3, in <module>
2026-01-20T19:40:17.3524531Z     from app.api.users.user_registration import router as user_registration
2026-01-20T19:40:17.3524557Z   File "/tmp/8de5858bce37c20/app/api/users/user_registration.py", line 7, in <module>
2026-01-20T19:40:17.3524574Z     from app.utils import token_generator
2026-01-20T19:40:17.3524609Z   File "/tmp/8de5858bce37c20/app/utils/token_generator.py", line 6, in <module>
2026-01-20T19:40:17.3524625Z     import jwt
2026-01-20T19:40:17.3524641Z ModuleNotFoundError: No module named 'jwt'
2026-01-20T19:40:17.3527204Z [2026-01-20 19:40:17 +0000] [2115] [INFO] Worker exiting (pid: 2115)
2026-01-20T19:40:17.3692858Z [2026-01-20 19:40:17 +0000] [2112] [INFO] Worker exiting (pid: 2112)
2026-01-20T19:40:17.3955134Z [2026-01-20 19:40:17 +0000] [2113] [ERROR] Exception in worker process
2026-01-20T19:40:17.3955563Z Traceback (most recent call last):
2026-01-20T19:40:17.3955595Z   File "/tmp/8de5858bce37c20/antenv/lib/python3.10/site-packages/gunicorn/arbiter.py", line 609, in spawn_worker
2026-01-20T19:40:17.3955616Z     worker.init_process()
2026-01-20T19:40:17.3955685Z   File "/tmp/8de5858bce37c20/antenv/lib/python3.10/site-packages/uvicorn/workers.py", line 75, in init_process
2026-01-20T19:40:17.3955702Z     super().init_process()
2026-01-20T19:40:17.3955723Z   File "/tmp/8de5858bce37c20/antenv/lib/python3.10/site-packages/gunicorn/workers/base.py", line 134, in init_process
2026-01-20T19:40:17.3955740Z     self.load_wsgi()
2026-01-20T19:40:17.3955759Z   File "/tmp/8de5858bce37c20/antenv/lib/python3.10/site-packages/gunicorn/workers/base.py", line 146, in load_wsgi
2026-01-20T19:40:17.3955777Z     self.wsgi = self.app.wsgi()
2026-01-20T19:40:17.3955811Z   File "/tmp/8de5858bce37c20/antenv/lib/python3.10/site-packages/gunicorn/app/base.py", line 67, in wsgi
2026-01-20T19:40:17.3955831Z     self.callable = self.load()
2026-01-20T19:40:17.3955850Z   File "/tmp/8de5858bce37c20/antenv/lib/python3.10/site-packages/gunicorn/app/wsgiapp.py", line 58, in load
2026-01-20T19:40:17.3955866Z     return self.load_wsgiapp()
2026-01-20T19:40:17.3955887Z   File "/tmp/8de5858bce37c20/antenv/lib/python3.10/site-packages/gunicorn/app/wsgiapp.py", line 48, in load_wsgiapp
2026-01-20T19:40:17.3955904Z     return util.import_app(self.app_uri)
2026-01-20T19:40:17.3955938Z   File "/tmp/8de5858bce37c20/antenv/lib/python3.10/site-packages/gunicorn/util.py", line 371, in import_app
2026-01-20T19:40:17.3955957Z     mod = importlib.import_module(module)
2026-01-20T19:40:17.3955977Z   File "/opt/python/3.10.19/lib/python3.10/importlib/__init__.py", line 126, in import_module
2026-01-20T19:40:17.3955996Z     return _bootstrap._gcd_import(name[level:], package, level)
2026-01-20T19:40:17.3956014Z   File "<frozen importlib._bootstrap>", line 1050, in _gcd_import
2026-01-20T19:40:17.3956032Z   File "<frozen importlib._bootstrap>", line 1027, in _find_and_load
2026-01-20T19:40:17.3956064Z   File "<frozen importlib._bootstrap>", line 1006, in _find_and_load_unlocked
2026-01-20T19:40:17.3956082Z   File "<frozen importlib._bootstrap>", line 688, in _load_unlocked
2026-01-20T19:40:17.3956099Z   File "<frozen importlib._bootstrap_external>", line 883, in exec_module
2026-01-20T19:40:17.3956119Z   File "<frozen importlib._bootstrap>", line 241, in _call_with_frames_removed
2026-01-20T19:40:17.3956137Z   File "/tmp/8de5858bce37c20/main.py", line 3, in <module>
2026-01-20T19:40:17.3956169Z     from app.api.users.user_registration import router as user_registration
2026-01-20T19:40:17.3956188Z   File "/tmp/8de5858bce37c20/app/api/users/user_registration.py", line 7, in <module>
2026-01-20T19:40:17.3956205Z     from app.utils import token_generator
2026-01-20T19:40:17.3956223Z   File "/tmp/8de5858bce37c20/app/utils/token_generator.py", line 6, in <module>
2026-01-20T19:40:17.3956239Z     import jwt
2026-01-20T19:40:17.3956256Z ModuleNotFoundError: No module named 'jwt'
2026-01-20T19:40:17.3965159Z [2026-01-20 19:40:17 +0000] [2113] [INFO] Worker exiting (pid: 2113)
2026-01-20T19:40:19.4322208Z [2026-01-20 19:40:19 +0000] [2110] [ERROR] Worker (pid:2112) exited with code 3
2026-01-20T19:40:19.4342767Z [2026-01-20 19:40:19 +0000] [2110] [ERROR] Worker (pid:2113) exited with code 3
2026-01-20T19:40:19.4421438Z Traceback (most recent call last):
2026-01-20T19:40:19.4421609Z   File "/tmp/8de5858bce37c20/antenv/lib/python3.10/site-packages/gunicorn/arbiter.py", line 209, in run
2026-01-20T19:40:19.4429817Z     self.sleep()
2026-01-20T19:40:19.4429955Z   File "/tmp/8de5858bce37c20/antenv/lib/python3.10/site-packages/gunicorn/arbiter.py", line 360, in sleep
2026-01-20T19:40:19.4429981Z     ready = select.select([self.PIPE[0]], [], [], 1.0)
2026-01-20T19:40:19.4430002Z   File "/tmp/8de5858bce37c20/antenv/lib/python3.10/site-packages/gunicorn/arbiter.py", line 242, in handle_chld
2026-01-20T19:40:19.4431422Z     self.reap_workers()
2026-01-20T19:40:19.4431706Z   File "/tmp/8de5858bce37c20/antenv/lib/python3.10/site-packages/gunicorn/arbiter.py", line 530, in reap_workers
2026-01-20T19:40:19.4435271Z     raise HaltServer(reason, self.WORKER_BOOT_ERROR)
2026-01-20T19:40:19.4437103Z gunicorn.errors.HaltServer: <HaltServer 'Worker failed to boot.' 3>
2026-01-20T19:40:19.4437166Z 
2026-01-20T19:40:19.4437186Z During handling of the above exception, another exception occurred:
2026-01-20T19:40:19.4437201Z 
2026-01-20T19:40:19.4437218Z Traceback (most recent call last):
2026-01-20T19:40:19.4437236Z   File "/tmp/8de5858bce37c20/antenv/bin/gunicorn", line 8, in <module>
2026-01-20T19:40:19.4439083Z     sys.exit(run())
2026-01-20T19:40:19.4439775Z   File "/tmp/8de5858bce37c20/antenv/lib/python3.10/site-packages/gunicorn/app/wsgiapp.py", line 67, in run
2026-01-20T19:40:19.4442547Z     WSGIApplication("%(prog)s [OPTIONS] [APP_MODULE]").run()
2026-01-20T19:40:19.4443687Z   File "/tmp/8de5858bce37c20/antenv/lib/python3.10/site-packages/gunicorn/app/base.py", line 236, in run
2026-01-20T19:40:19.4445810Z     super().run()
2026-01-20T19:40:19.4446187Z   File "/tmp/8de5858bce37c20/antenv/lib/python3.10/site-packages/gunicorn/app/base.py", line 72, in run
2026-01-20T19:40:19.4618263Z     Arbiter(self).run()
2026-01-20T19:40:19.4618575Z   File "/tmp/8de5858bce37c20/antenv/lib/python3.10/site-packages/gunicorn/arbiter.py", line 229, in run
2026-01-20T19:40:19.4618609Z     self.halt(reason=inst.reason, exit_status=inst.exit_status)
2026-01-20T19:40:19.4618631Z   File "/tmp/8de5858bce37c20/antenv/lib/python3.10/site-packages/gunicorn/arbiter.py", line 342, in halt
2026-01-20T19:40:19.4618648Z     self.stop()
2026-01-20T19:40:19.4619530Z   File "/tmp/8de5858bce37c20/antenv/lib/python3.10/site-packages/gunicorn/arbiter.py", line 396, in stop
2026-01-20T19:40:19.4619566Z     time.sleep(0.1)
2026-01-20T19:40:19.4619585Z   File "/tmp/8de5858bce37c20/antenv/lib/python3.10/site-packages/gunicorn/arbiter.py", line 242, in handle_chld
2026-01-20T19:40:19.4619602Z     self.reap_workers()
2026-01-20T19:40:19.4619620Z   File "/tmp/8de5858bce37c20/antenv/lib/python3.10/site-packages/gunicorn/arbiter.py", line 530, in reap_workers
2026-01-20T19:40:19.4619639Z     raise HaltServer(reason, self.WORKER_BOOT_ERROR)
2026-01-20T19:40:19.4619681Z gunicorn.errors.HaltServer: <HaltServer 'Worker failed to boot.' 3>
2026-01-20T19:40:30.4512772Z    _____                               
2026-01-20T19:40:30.4513063Z   /  _  \ __________ _________   ____  
2026-01-20T19:40:30.4513084Z  /  /_\  \\___   /  |  \_  __ \_/ __ \ 
2026-01-20T19:40:30.4513096Z /    |    \/    /|  |  /|  | \/\  ___/ 
2026-01-20T19:40:30.4513145Z \____|__  /_____ \____/ |__|    \___  >
2026-01-20T19:40:30.4513159Z         \/      \/                  \/ 
2026-01-20T19:40:30.4513172Z A P P   S E R V I C E   O N   L I N U X
2026-01-20T19:40:30.4513184Z 
2026-01-20T19:40:30.4513196Z Documentation    : http://aka.ms/webapp-linux
2026-01-20T19:40:30.4513210Z Python quickstart: https://aka.ms/python-qs
2026-01-20T19:40:30.4513222Z Python version   : 3.10.19
2026-01-20T19:40:30.4513235Z Instance Name    : lw0sdlwk0003MW
2026-01-20T19:40:30.4513250Z Instance Id      : a13024ad68d894ec8992a849c24cbec6ead088146300e6db86ff9257fe3ce25c
2026-01-20T19:40:30.4513262Z 
2026-01-20T19:40:30.4513275Z Note: Any data outside '/home' is not persisted
2026-01-20T19:40:31.2548024Z Starting OpenBSD Secure Shell server: sshd.
2026-01-20T19:40:31.2734640Z WEBSITES_INCLUDE_CLOUD_CERTS is not set to true.
2026-01-20T19:40:31.3231589Z Updating certificates in /etc/ssl/certs...
2026-01-20T19:40:44.2050102Z rehash: warning: skipping duplicate certificate in azl_Sectigo_Public_Server_Authentication_Root_E46.pem
2026-01-20T19:40:44.2128217Z rehash: warning: skipping duplicate certificate in azl_Sectigo_Public_Server_Authentication_Root_R46.pem
2026-01-20T19:40:44.2147734Z rehash: warning: skipping duplicate certificate in azl_SSL.com_TLS_RSA_Root_CA_2022.pem
2026-01-20T19:40:44.2238290Z rehash: warning: skipping duplicate certificate in azl_SSL.com_TLS_ECC_Root_CA_2022.pem
2026-01-20T19:40:44.2526906Z 4 added, 0 removed; done.
2026-01-20T19:40:44.2535218Z Running hooks in /etc/ca-certificates/update.d...
2026-01-20T19:40:44.2708608Z done.
2026-01-20T19:40:44.2826071Z CA certificates copied and updated successfully.
2026-01-20T19:40:44.3494468Z Site's appCommandLine: gunicorn -w 4 -k uvicorn.workers.UvicornWorker main:app
2026-01-20T19:40:44.8153735Z Starting periodic command scheduler: cron.
2026-01-20T19:40:44.8166242Z Launching oryx with: create-script -appPath /home/site/wwwroot -output /opt/startup/startup.sh -virtualEnvName antenv -defaultApp /opt/defaultsite -userStartupCommand 'gunicorn -w 4 -k uvicorn.workers.UvicornWorker main:app'
2026-01-20T19:40:44.9788020Z Found build manifest file at '/home/site/wwwroot/oryx-manifest.toml'. Deserializing it...
2026-01-20T19:40:44.9905804Z Build Operation ID: 3b23e48ae0b0b63f
2026-01-20T19:40:45.0889929Z Oryx Version: 0.2.20251017.2, Commit: 482d4c55e818733ab33b9d2131f9dc485a21fd03, ReleaseTagName: 20251017.2
2026-01-20T19:40:45.0897752Z Output is compressed. Extracting it...
2026-01-20T19:40:45.0997185Z Extracting '/home/site/wwwroot/output.tar.gz' to directory '/tmp/8de5858bce37c20'...
2026-01-20T19:40:50.2973686Z App path is set to '/tmp/8de5858bce37c20'
2026-01-20T19:40:50.6453982Z Writing output script to '/opt/startup/startup.sh'
2026-01-20T19:40:50.8162170Z Using packages from virtual environment antenv located at /tmp/8de5858bce37c20/antenv.
2026-01-20T19:40:50.8169746Z Updated PYTHONPATH to '/opt/startup/app_logs:/tmp/8de5858bce37c20/antenv/lib/python3.10/site-packages'
2026-01-20T19:40:52.7863527Z [2026-01-20 19:40:52 +0000] [2110] [INFO] Starting gunicorn 21.2.0
2026-01-20T19:40:52.7868609Z [2026-01-20 19:40:52 +0000] [2110] [INFO] Listening at: http://0.0.0.0:8000 (2110)
2026-01-20T19:40:52.8038418Z [2026-01-20 19:40:52 +0000] [2110] [INFO] Using worker: uvicorn.workers.UvicornWorker
2026-01-20T19:40:52.8139366Z [2026-01-20 19:40:52 +0000] [2112] [INFO] Booting worker with pid: 2112
2026-01-20T19:40:52.9428900Z [2026-01-20 19:40:52 +0000] [2115] [INFO] Booting worker with pid: 2115
2026-01-20T19:40:53.0582203Z [2026-01-20 19:40:53 +0000] [2117] [INFO] Booting worker with pid: 2117
2026-01-20T19:40:53.2155662Z [2026-01-20 19:40:53 +0000] [2118] [INFO] Booting worker with pid: 2118
2026-01-20T19:41:11.0285257Z [2026-01-20 19:41:11 +0000] [2115] [ERROR] Exception in worker process
2026-01-20T19:41:11.0285594Z Traceback (most recent call last):
2026-01-20T19:41:11.0285615Z   File "/tmp/8de5858bce37c20/antenv/lib/python3.10/site-packages/gunicorn/arbiter.py", line 609, in spawn_worker
2026-01-20T19:41:11.0285628Z     worker.init_process()
2026-01-20T19:41:11.0285644Z   File "/tmp/8de5858bce37c20/antenv/lib/python3.10/site-packages/uvicorn/workers.py", line 75, in init_process
2026-01-20T19:41:11.0285656Z     super().init_process()
2026-01-20T19:41:11.0285671Z   File "/tmp/8de5858bce37c20/antenv/lib/python3.10/site-packages/gunicorn/workers/base.py", line 134, in init_process
2026-01-20T19:41:11.0285683Z     self.load_wsgi()
2026-01-20T19:41:11.0285702Z   File "/tmp/8de5858bce37c20/antenv/lib/python3.10/site-packages/gunicorn/workers/base.py", line 146, in load_wsgi
2026-01-20T19:41:11.0285715Z     self.wsgi = self.app.wsgi()
2026-01-20T19:41:11.0285729Z   File "/tmp/8de5858bce37c20/antenv/lib/python3.10/site-packages/gunicorn/app/base.py", line 67, in wsgi
2026-01-20T19:41:11.0285756Z     self.callable = self.load()
2026-01-20T19:41:11.0285772Z   File "/tmp/8de5858bce37c20/antenv/lib/python3.10/site-packages/gunicorn/app/wsgiapp.py", line 58, in load
2026-01-20T19:41:11.0285784Z     return self.load_wsgiapp()
2026-01-20T19:41:11.0285798Z   File "/tmp/8de5858bce37c20/antenv/lib/python3.10/site-packages/gunicorn/app/wsgiapp.py", line 48, in load_wsgiapp
2026-01-20T19:41:11.0285811Z     return util.import_app(self.app_uri)
2026-01-20T19:41:11.0285825Z   File "/tmp/8de5858bce37c20/antenv/lib/python3.10/site-packages/gunicorn/util.py", line 371, in import_app
2026-01-20T19:41:11.0285837Z     mod = importlib.import_module(module)
2026-01-20T19:41:11.0285851Z   File "/opt/python/3.10.19/lib/python3.10/importlib/__init__.py", line 126, in import_module
2026-01-20T19:41:11.0285864Z     return _bootstrap._gcd_import(name[level:], package, level)
2026-01-20T19:41:11.0285879Z   File "<frozen importlib._bootstrap>", line 1050, in _gcd_import
2026-01-20T19:41:11.0285901Z   File "<frozen importlib._bootstrap>", line 1027, in _find_and_load
2026-01-20T19:41:11.0285915Z   File "<frozen importlib._bootstrap>", line 1006, in _find_and_load_unlocked
2026-01-20T19:41:11.0285929Z   File "<frozen importlib._bootstrap>", line 688, in _load_unlocked
2026-01-20T19:41:11.0285943Z   File "<frozen importlib._bootstrap_external>", line 883, in exec_module
2026-01-20T19:41:11.0285957Z   File "<frozen importlib._bootstrap>", line 241, in _call_with_frames_removed
2026-01-20T19:41:11.0285970Z   File "/tmp/8de5858bce37c20/main.py", line 3, in <module>
2026-01-20T19:41:11.0285983Z     from app.api.users.user_registration import router as user_registration
2026-01-20T19:41:11.0285999Z   File "/tmp/8de5858bce37c20/app/api/users/user_registration.py", line 7, in <module>
2026-01-20T19:41:11.0286011Z     from app.utils import token_generator
2026-01-20T19:41:11.0286024Z   File "/tmp/8de5858bce37c20/app/utils/token_generator.py", line 6, in <module>
2026-01-20T19:41:11.0286036Z     import jwt
2026-01-20T19:41:11.0286062Z ModuleNotFoundError: No module named 'jwt'
2026-01-20T19:41:11.0296481Z [2026-01-20 19:41:11 +0000] [2115] [INFO] Worker exiting (pid: 2115)
2026-01-20T19:41:11.0466446Z [2026-01-20 19:41:11 +0000] [2117] [ERROR] Exception in worker process
2026-01-20T19:41:11.0466773Z Traceback (most recent call last):
2026-01-20T19:41:11.0466797Z   File "/tmp/8de5858bce37c20/antenv/lib/python3.10/site-packages/gunicorn/arbiter.py", line 609, in spawn_worker
2026-01-20T19:41:11.0466866Z     worker.init_process()
2026-01-20T19:41:11.0466885Z   File "/tmp/8de5858bce37c20/antenv/lib/python3.10/site-packages/uvicorn/workers.py", line 75, in init_process
2026-01-20T19:41:11.0466897Z     super().init_process()
2026-01-20T19:41:11.0466911Z   File "/tmp/8de5858bce37c20/antenv/lib/python3.10/site-packages/gunicorn/workers/base.py", line 134, in init_process
2026-01-20T19:41:11.0466973Z     self.load_wsgi()
2026-01-20T19:41:11.0466989Z   File "/tmp/8de5858bce37c20/antenv/lib/python3.10/site-packages/gunicorn/workers/base.py", line 146, in load_wsgi
2026-01-20T19:41:11.0467001Z     self.wsgi = self.app.wsgi()
2026-01-20T19:41:11.0467016Z   File "/tmp/8de5858bce37c20/antenv/lib/python3.10/site-packages/gunicorn/app/base.py", line 67, in wsgi
2026-01-20T19:41:11.0467028Z     self.callable = self.load()
2026-01-20T19:41:11.0467042Z   File "/tmp/8de5858bce37c20/antenv/lib/python3.10/site-packages/gunicorn/app/wsgiapp.py", line 58, in load
2026-01-20T19:41:11.0467054Z     return self.load_wsgiapp()
2026-01-20T19:41:11.0467069Z   File "/tmp/8de5858bce37c20/antenv/lib/python3.10/site-packages/gunicorn/app/wsgiapp.py", line 48, in load_wsgiapp
2026-01-20T19:41:11.0467086Z     return util.import_app(self.app_uri)
2026-01-20T19:41:11.0467100Z   File "/tmp/8de5858bce37c20/antenv/lib/python3.10/site-packages/gunicorn/util.py", line 371, in import_app
2026-01-20T19:41:11.0467112Z     mod = importlib.import_module(module)
2026-01-20T19:41:11.0467140Z   File "/opt/python/3.10.19/lib/python3.10/importlib/__init__.py", line 126, in import_module
2026-01-20T19:41:11.0467153Z     return _bootstrap._gcd_import(name[level:], package, level)
2026-01-20T19:41:11.0467166Z   File "<frozen importlib._bootstrap>", line 1050, in _gcd_import
2026-01-20T19:41:11.0467180Z   File "<frozen importlib._bootstrap>", line 1027, in _find_and_load
2026-01-20T19:41:11.0467194Z   File "<frozen importlib._bootstrap>", line 1006, in _find_and_load_unlocked
2026-01-20T19:41:11.0467208Z   File "<frozen importlib._bootstrap>", line 688, in _load_unlocked
2026-01-20T19:41:11.0467221Z   File "<frozen importlib._bootstrap_external>", line 883, in exec_module
2026-01-20T19:41:11.0467234Z   File "<frozen importlib._bootstrap>", line 241, in _call_with_frames_removed
2026-01-20T19:41:11.0467249Z   File "/tmp/8de5858bce37c20/main.py", line 3, in <module>
2026-01-20T19:41:11.0467262Z     from app.api.users.user_registration import router as user_registration
2026-01-20T19:41:11.0467284Z   File "/tmp/8de5858bce37c20/app/api/users/user_registration.py", line 7, in <module>
2026-01-20T19:41:11.0467296Z     from app.utils import token_generator
2026-01-20T19:41:11.0467311Z   File "/tmp/8de5858bce37c20/app/utils/token_generator.py", line 6, in <module>
2026-01-20T19:41:11.0467322Z     import jwt
2026-01-20T19:41:11.0467335Z ModuleNotFoundError: No module named 'jwt'
2026-01-20T19:41:11.8806313Z [2026-01-20 19:41:11 +0000] [2117] [INFO] Worker exiting (pid: 2117)
2026-01-20T19:41:11.8806465Z [2026-01-20 19:41:11 +0000] [2112] [ERROR] Exception in worker process
2026-01-20T19:41:11.8806480Z Traceback (most recent call last):
2026-01-20T19:41:11.8806496Z   File "/tmp/8de5858bce37c20/antenv/lib/python3.10/site-packages/gunicorn/arbiter.py", line 609, in spawn_worker
2026-01-20T19:41:11.8806509Z     worker.init_process()
2026-01-20T19:41:11.8806535Z   File "/tmp/8de5858bce37c20/antenv/lib/python3.10/site-packages/uvicorn/workers.py", line 75, in init_process
2026-01-20T19:41:11.8806548Z     super().init_process()
2026-01-20T19:41:11.8806563Z   File "/tmp/8de5858bce37c20/antenv/lib/python3.10/site-packages/gunicorn/workers/base.py", line 134, in init_process
2026-01-20T19:41:11.8806574Z     self.load_wsgi()
2026-01-20T19:41:11.8806590Z   File "/tmp/8de5858bce37c20/antenv/lib/python3.10/site-packages/gunicorn/workers/base.py", line 146, in load_wsgi
2026-01-20T19:41:11.8806602Z     self.wsgi = self.app.wsgi()
2026-01-20T19:41:11.8806617Z   File "/tmp/8de5858bce37c20/antenv/lib/python3.10/site-packages/gunicorn/app/base.py", line 67, in wsgi
2026-01-20T19:41:11.8806628Z     self.callable = self.load()
2026-01-20T19:41:11.8806644Z   File "/tmp/8de5858bce37c20/antenv/lib/python3.10/site-packages/gunicorn/app/wsgiapp.py", line 58, in load
2026-01-20T19:41:11.8806656Z     return self.load_wsgiapp()
2026-01-20T19:41:11.8806686Z   File "/tmp/8de5858bce37c20/antenv/lib/python3.10/site-packages/gunicorn/app/wsgiapp.py", line 48, in load_wsgiapp
2026-01-20T19:41:11.8806699Z     return util.import_app(self.app_uri)
2026-01-20T19:41:11.8806714Z   File "/tmp/8de5858bce37c20/antenv/lib/python3.10/site-packages/gunicorn/util.py", line 371, in import_app
2026-01-20T19:41:11.8806726Z     mod = importlib.import_module(module)
2026-01-20T19:41:11.8806740Z   File "/opt/python/3.10.19/lib/python3.10/importlib/__init__.py", line 126, in import_module
2026-01-20T19:41:11.8806753Z     return _bootstrap._gcd_import(name[level:], package, level)
2026-01-20T19:41:11.8806767Z   File "<frozen importlib._bootstrap>", line 1050, in _gcd_import
2026-01-20T19:41:11.8806781Z   File "<frozen importlib._bootstrap>", line 1027, in _find_and_load
2026-01-20T19:41:11.8806795Z   File "<frozen importlib._bootstrap>", line 1006, in _find_and_load_unlocked
2026-01-20T19:41:11.8806808Z   File "<frozen importlib._bootstrap>", line 688, in _load_unlocked
2026-01-20T19:41:11.8806822Z   File "<frozen importlib._bootstrap_external>", line 883, in exec_module
2026-01-20T19:41:11.8806849Z   File "<frozen importlib._bootstrap>", line 241, in _call_with_frames_removed
2026-01-20T19:41:11.8806862Z   File "/tmp/8de5858bce37c20/main.py", line 3, in <module>
2026-01-20T19:41:11.8806876Z     from app.api.users.user_registration import router as user_registration
2026-01-20T19:41:11.8806890Z   File "/tmp/8de5858bce37c20/app/api/users/user_registration.py", line 7, in <module>
2026-01-20T19:41:11.8806903Z     from app.utils import token_generator
2026-01-20T19:41:11.8806916Z   File "/tmp/8de5858bce37c20/app/utils/token_generator.py", line 6, in <module>
2026-01-20T19:41:11.8806928Z     import jwt
2026-01-20T19:41:11.8806941Z ModuleNotFoundError: No module named 'jwt'
2026-01-20T19:41:11.8806954Z [2026-01-20 19:41:11 +0000] [2112] [INFO] Worker exiting (pid: 2112)
2026-01-20T19:41:11.8806967Z [2026-01-20 19:41:11 +0000] [2118] [ERROR] Exception in worker process
2026-01-20T19:41:11.8806979Z Traceback (most recent call last):
2026-01-20T19:41:11.8807006Z   File "/tmp/8de5858bce37c20/antenv/lib/python3.10/site-packages/gunicorn/arbiter.py", line 609, in spawn_worker
2026-01-20T19:41:11.8807019Z     worker.init_process()
2026-01-20T19:41:11.8807258Z   File "/tmp/8de5858bce37c20/antenv/lib/python3.10/site-packages/uvicorn/workers.py", line 75, in init_process
2026-01-20T19:41:11.8807495Z     super().init_process()
2026-01-20T19:41:11.8807521Z   File "/tmp/8de5858bce37c20/antenv/lib/python3.10/site-packages/gunicorn/workers/base.py", line 134, in init_process
2026-01-20T19:41:11.8807537Z     self.load_wsgi()
2026-01-20T19:41:11.8807555Z   File "/tmp/8de5858bce37c20/antenv/lib/python3.10/site-packages/gunicorn/workers/base.py", line 146, in load_wsgi
2026-01-20T19:41:11.8807570Z     self.wsgi = self.app.wsgi()
2026-01-20T19:41:11.8807590Z   File "/tmp/8de5858bce37c20/antenv/lib/python3.10/site-packages/gunicorn/app/base.py", line 67, in wsgi
2026-01-20T19:41:11.8807604Z     self.callable = self.load()
2026-01-20T19:41:11.8807663Z   File "/tmp/8de5858bce37c20/antenv/lib/python3.10/site-packages/gunicorn/app/wsgiapp.py", line 58, in load
2026-01-20T19:41:11.8807679Z     return self.load_wsgiapp()
2026-01-20T19:41:11.8807698Z   File "/tmp/8de5858bce37c20/antenv/lib/python3.10/site-packages/gunicorn/app/wsgiapp.py", line 48, in load_wsgiapp
2026-01-20T19:41:11.8807713Z     return util.import_app(self.app_uri)
2026-01-20T19:41:11.8807730Z   File "/tmp/8de5858bce37c20/antenv/lib/python3.10/site-packages/gunicorn/util.py", line 371, in import_app
2026-01-20T19:41:11.8807745Z     mod = importlib.import_module(module)
2026-01-20T19:41:11.8807763Z   File "/opt/python/3.10.19/lib/python3.10/importlib/__init__.py", line 126, in import_module
2026-01-20T19:41:11.8807780Z     return _bootstrap._gcd_import(name[level:], package, level)
2026-01-20T19:41:11.8807796Z   File "<frozen importlib._bootstrap>", line 1050, in _gcd_import
2026-01-20T19:41:11.8807812Z   File "<frozen importlib._bootstrap>", line 1027, in _find_and_load
2026-01-20T19:41:11.8807839Z   File "<frozen importlib._bootstrap>", line 1006, in _find_and_load_unlocked
2026-01-20T19:41:11.8807856Z   File "<frozen importlib._bootstrap>", line 688, in _load_unlocked
2026-01-20T19:41:11.8808126Z   File "<frozen importlib._bootstrap_external>", line 883, in exec_module
2026-01-20T19:41:11.8808147Z   File "<frozen importlib._bootstrap>", line 241, in _call_with_frames_removed
2026-01-20T19:41:11.8808165Z   File "/tmp/8de5858bce37c20/main.py", line 3, in <module>
2026-01-20T19:41:11.8808183Z     from app.api.users.user_registration import router as user_registration
2026-01-20T19:41:11.8808201Z   File "/tmp/8de5858bce37c20/app/api/users/user_registration.py", line 7, in <module>
2026-01-20T19:41:11.8808215Z     from app.utils import token_generator
2026-01-20T19:41:11.8808233Z   File "/tmp/8de5858bce37c20/app/utils/token_generator.py", line 6, in <module>
2026-01-20T19:41:11.8808247Z     import jwt
2026-01-20T19:41:11.8808272Z ModuleNotFoundError: No module named 'jwt'
2026-01-20T19:41:11.8808288Z [2026-01-20 19:41:11 +0000] [2118] [INFO] Worker exiting (pid: 2118)
2026-01-20T19:41:12.9164809Z [2026-01-20 19:41:12 +0000] [2110] [ERROR] Worker (pid:2117) exited with code 3
2026-01-20T19:41:13.2178422Z [2026-01-20 19:41:12 +0000] [2110] [ERROR] Worker (pid:2115) was sent SIGTERM!
2026-01-20T19:41:13.2262343Z [2026-01-20 19:41:12 +0000] [2110] [ERROR] Worker (pid:2112) was sent SIGTERM!
2026-01-20T19:41:13.2262458Z [2026-01-20 19:41:12 +0000] [2110] [ERROR] Worker (pid:2118) was sent SIGTERM!
2026-01-20T19:41:13.2262475Z [2026-01-20 19:41:13 +0000] [2110] [ERROR] Shutting down: Master
2026-01-20T19:41:13.2262489Z [2026-01-20 19:41:13 +0000] [2110] [ERROR] Reason: Worker failed to boot.
2026-01-20T19:49:07.1585296Z    _____                               
2026-01-20T19:49:07.1593036Z   /  _  \ __________ _________   ____  
2026-01-20T19:49:07.1593096Z  /  /_\  \\___   /  |  \_  __ \_/ __ \ 
2026-01-20T19:49:07.1593113Z /    |    \/    /|  |  /|  | \/\  ___/ 
2026-01-20T19:49:07.1593125Z \____|__  /_____ \____/ |__|    \___  >
2026-01-20T19:49:07.1593137Z         \/      \/                  \/ 
2026-01-20T19:49:07.1593161Z A P P   S E R V I C E   O N   L I N U X
2026-01-20T19:49:07.1593173Z 
2026-01-20T19:49:07.1593185Z Documentation    : http://aka.ms/webapp-linux
2026-01-20T19:49:07.1593198Z Python quickstart: https://aka.ms/python-qs
2026-01-20T19:49:07.1593211Z Python version   : 3.10.19
2026-01-20T19:49:07.1593224Z Instance Name    : lw0sdlwk0003MW
2026-01-20T19:49:07.1593243Z Instance Id      : a13024ad68d894ec8992a849c24cbec6ead088146300e6db86ff9257fe3ce25c
2026-01-20T19:49:07.1593254Z 
2026-01-20T19:49:07.1593267Z Note: Any data outside '/home' is not persisted
2026-01-20T19:49:07.6284827Z Starting OpenBSD Secure Shell server: sshd.
2026-01-20T19:49:07.6399336Z WEBSITES_INCLUDE_CLOUD_CERTS is not set to true.
2026-01-20T19:49:07.7103168Z Updating certificates in /etc/ssl/certs...
2026-01-20T19:49:27.2758199Z rehash: warning: skipping duplicate certificate in azl_Sectigo_Public_Server_Authentication_Root_E46.pem
2026-01-20T19:49:27.2843131Z rehash: warning: skipping duplicate certificate in azl_Sectigo_Public_Server_Authentication_Root_R46.pem
2026-01-20T19:49:27.2864813Z rehash: warning: skipping duplicate certificate in azl_SSL.com_TLS_RSA_Root_CA_2022.pem
2026-01-20T19:49:27.2951978Z rehash: warning: skipping duplicate certificate in azl_SSL.com_TLS_ECC_Root_CA_2022.pem
2026-01-20T19:49:27.3227251Z 4 added, 0 removed; done.
2026-01-20T19:49:27.9589874Z Output is compressed. Extracting it...
2026-01-20T19:49:28.7276796Z Running hooks in /etc/ca-certificates/update.d...
2026-01-20T19:49:28.7276953Z done.
2026-01-20T19:49:28.7276970Z CA certificates copied and updated successfully.
2026-01-20T19:49:28.7276986Z Site's appCommandLine: gunicorn -w 4 -k uvicorn.workers.UvicornWorker main:app
2026-01-20T19:49:28.7276999Z Starting periodic command scheduler: cron.
2026-01-20T19:49:28.7277026Z Launching oryx with: create-script -appPath /home/site/wwwroot -output /opt/startup/startup.sh -virtualEnvName antenv -defaultApp /opt/defaultsite -userStartupCommand 'gunicorn -w 4 -k uvicorn.workers.UvicornWorker main:app'
2026-01-20T19:49:28.7277042Z Found build manifest file at '/home/site/wwwroot/oryx-manifest.toml'. Deserializing it...
2026-01-20T19:49:28.7277055Z Build Operation ID: 0cc80a1911f68df1
2026-01-20T19:49:28.7277094Z Oryx Version: 0.2.20251017.2, Commit: 482d4c55e818733ab33b9d2131f9dc485a21fd03, ReleaseTagName: 20251017.2
2026-01-20T19:49:29.7137369Z Extracting '/home/site/wwwroot/output.tar.gz' to directory '/tmp/8de585cc330a9a2'...
2026-01-20T19:49:35.0251739Z App path is set to '/tmp/8de585cc330a9a2'
2026-01-20T19:49:35.4410881Z Writing output script to '/opt/startup/startup.sh'
2026-01-20T19:49:35.7181642Z Using packages from virtual environment antenv located at /tmp/8de585cc330a9a2/antenv.
2026-01-20T19:49:36.3087823Z Updated PYTHONPATH to '/opt/startup/app_logs:/tmp/8de585cc330a9a2/antenv/lib/python3.10/site-packages'
2026-01-20T19:49:37.9383621Z [2026-01-20 19:49:37 +0000] [2109] [INFO] Starting gunicorn 21.2.0
2026-01-20T19:49:37.9482575Z [2026-01-20 19:49:37 +0000] [2109] [INFO] Listening at: http://0.0.0.0:8000 (2109)
2026-01-20T19:49:37.9486332Z [2026-01-20 19:49:37 +0000] [2109] [INFO] Using worker: uvicorn.workers.UvicornWorker
2026-01-20T19:49:37.9689052Z [2026-01-20 19:49:37 +0000] [2112] [INFO] Booting worker with pid: 2112
2026-01-20T19:49:38.0280562Z [2026-01-20 19:49:38 +0000] [2113] [INFO] Booting worker with pid: 2113
2026-01-20T19:49:38.2341372Z [2026-01-20 19:49:38 +0000] [2114] [INFO] Booting worker with pid: 2114
2026-01-20T19:49:38.2529839Z [2026-01-20 19:49:38 +0000] [2115] [INFO] Booting worker with pid: 2115
2026-01-20T19:49:58.1044087Z [2026-01-20 19:49:58 +0000] [2112] [ERROR] Exception in worker process
2026-01-20T19:49:58.1044423Z Traceback (most recent call last):
2026-01-20T19:49:58.1044446Z   File "/tmp/8de585cc330a9a2/antenv/lib/python3.10/site-packages/gunicorn/arbiter.py", line 609, in spawn_worker
2026-01-20T19:49:58.1044459Z     worker.init_process()
2026-01-20T19:49:58.1044474Z   File "/tmp/8de585cc330a9a2/antenv/lib/python3.10/site-packages/uvicorn/workers.py", line 75, in init_process
2026-01-20T19:49:58.1044492Z     super().init_process()
2026-01-20T19:49:58.1044509Z   File "/tmp/8de585cc330a9a2/antenv/lib/python3.10/site-packages/gunicorn/workers/base.py", line 134, in init_process
2026-01-20T19:49:58.1044586Z     self.load_wsgi()
2026-01-20T19:49:58.1044601Z   File "/tmp/8de585cc330a9a2/antenv/lib/python3.10/site-packages/gunicorn/workers/base.py", line 146, in load_wsgi
2026-01-20T19:49:58.1044614Z     self.wsgi = self.app.wsgi()
2026-01-20T19:49:58.1044628Z   File "/tmp/8de585cc330a9a2/antenv/lib/python3.10/site-packages/gunicorn/app/base.py", line 67, in wsgi
2026-01-20T19:49:58.1044640Z     self.callable = self.load()
2026-01-20T19:49:58.1044655Z   File "/tmp/8de585cc330a9a2/antenv/lib/python3.10/site-packages/gunicorn/app/wsgiapp.py", line 58, in load
2026-01-20T19:49:58.1044668Z     return self.load_wsgiapp()
2026-01-20T19:49:58.1044683Z   File "/tmp/8de585cc330a9a2/antenv/lib/python3.10/site-packages/gunicorn/app/wsgiapp.py", line 48, in load_wsgiapp
2026-01-20T19:49:58.1044696Z     return util.import_app(self.app_uri)
2026-01-20T19:49:58.1044710Z   File "/tmp/8de585cc330a9a2/antenv/lib/python3.10/site-packages/gunicorn/util.py", line 371, in import_app
2026-01-20T19:49:58.1044723Z     mod = importlib.import_module(module)
2026-01-20T19:49:58.1044751Z   File "/opt/python/3.10.19/lib/python3.10/importlib/__init__.py", line 126, in import_module
2026-01-20T19:49:58.1044764Z     return _bootstrap._gcd_import(name[level:], package, level)
2026-01-20T19:49:58.1044777Z   File "<frozen importlib._bootstrap>", line 1050, in _gcd_import
2026-01-20T19:49:58.1044792Z   File "<frozen importlib._bootstrap>", line 1027, in _find_and_load
2026-01-20T19:49:58.1044806Z   File "<frozen importlib._bootstrap>", line 1006, in _find_and_load_unlocked
2026-01-20T19:49:58.1044820Z   File "<frozen importlib._bootstrap>", line 688, in _load_unlocked
2026-01-20T19:49:58.1044833Z   File "<frozen importlib._bootstrap_external>", line 883, in exec_module
2026-01-20T19:49:58.1044908Z   File "<frozen importlib._bootstrap>", line 241, in _call_with_frames_removed
2026-01-20T19:49:58.1044922Z   File "/tmp/8de585cc330a9a2/main.py", line 3, in <module>
2026-01-20T19:49:58.1044935Z     from app.api.users.user_registration import router as user_registration
2026-01-20T19:49:58.1044960Z   File "/tmp/8de585cc330a9a2/app/api/users/user_registration.py", line 7, in <module>
2026-01-20T19:49:58.1044973Z     from app.utils import token_generator
2026-01-20T19:49:58.1044986Z   File "/tmp/8de585cc330a9a2/app/utils/token_generator.py", line 24, in <module>
2026-01-20T19:49:58.1045000Z     raise ValueError("[ERROR] SECRET_KEY is not set in the environment variables.")
2026-01-20T19:49:58.1045014Z ValueError: [ERROR] SECRET_KEY is not set in the environment variables.
2026-01-20T19:49:58.1045255Z [2026-01-20 19:49:58 +0000] [2112] [INFO] Worker exiting (pid: 2112)
2026-01-20T19:49:58.1048253Z [INFO] Trying to load: /tmp/8de585cc330a9a2/.env
2026-01-20T19:49:58.1048311Z [INFO] Exists: False
2026-01-20T19:49:58.1048328Z [INFO] SECRET_KEY from env: None
2026-01-20T19:49:58.1352630Z [2026-01-20 19:49:58 +0000] [2113] [ERROR] Exception in worker process
2026-01-20T19:49:58.1352855Z Traceback (most recent call last):
2026-01-20T19:49:58.1352875Z   File "/tmp/8de585cc330a9a2/antenv/lib/python3.10/site-packages/gunicorn/arbiter.py", line 609, in spawn_worker
2026-01-20T19:49:58.1352887Z     worker.init_process()
2026-01-20T19:49:58.1352902Z   File "/tmp/8de585cc330a9a2/antenv/lib/python3.10/site-packages/uvicorn/workers.py", line 75, in init_process
2026-01-20T19:49:58.1352914Z     super().init_process()
2026-01-20T19:49:58.1352928Z   File "/tmp/8de585cc330a9a2/antenv/lib/python3.10/site-packages/gunicorn/workers/base.py", line 134, in init_process
2026-01-20T19:49:58.1352940Z     self.load_wsgi()
2026-01-20T19:49:58.1352955Z   File "/tmp/8de585cc330a9a2/antenv/lib/python3.10/site-packages/gunicorn/workers/base.py", line 146, in load_wsgi
2026-01-20T19:49:58.1352968Z     self.wsgi = self.app.wsgi()
2026-01-20T19:49:58.1352982Z   File "/tmp/8de585cc330a9a2/antenv/lib/python3.10/site-packages/gunicorn/app/base.py", line 67, in wsgi
2026-01-20T19:49:58.1352994Z     self.callable = self.load()
2026-01-20T19:49:58.1353025Z   File "/tmp/8de585cc330a9a2/antenv/lib/python3.10/site-packages/gunicorn/app/wsgiapp.py", line 58, in load
2026-01-20T19:49:58.1353036Z     return self.load_wsgiapp()
2026-01-20T19:49:58.1353051Z   File "/tmp/8de585cc330a9a2/antenv/lib/python3.10/site-packages/gunicorn/app/wsgiapp.py", line 48, in load_wsgiapp
2026-01-20T19:49:58.1353063Z     return util.import_app(self.app_uri)
2026-01-20T19:49:58.1353078Z   File "/tmp/8de585cc330a9a2/antenv/lib/python3.10/site-packages/gunicorn/util.py", line 371, in import_app
2026-01-20T19:49:58.1353091Z     mod = importlib.import_module(module)
2026-01-20T19:49:58.1353104Z   File "/opt/python/3.10.19/lib/python3.10/importlib/__init__.py", line 126, in import_module
2026-01-20T19:49:58.1353117Z     return _bootstrap._gcd_import(name[level:], package, level)
2026-01-20T19:49:58.1353132Z   File "<frozen importlib._bootstrap>", line 1050, in _gcd_import
2026-01-20T19:49:58.1353145Z   File "<frozen importlib._bootstrap>", line 1027, in _find_and_load
2026-01-20T19:49:58.1353166Z   File "<frozen importlib._bootstrap>", line 1006, in _find_and_load_unlocked
2026-01-20T19:49:58.1353179Z   File "<frozen importlib._bootstrap>", line 688, in _load_unlocked
2026-01-20T19:49:58.1353194Z   File "<frozen importlib._bootstrap_external>", line 883, in exec_module
2026-01-20T19:49:58.1353209Z   File "<frozen importlib._bootstrap>", line 241, in _call_with_frames_removed
2026-01-20T19:49:58.1353222Z   File "/tmp/8de585cc330a9a2/main.py", line 3, in <module>
2026-01-20T19:49:58.1353235Z     from app.api.users.user_registration import router as user_registration
2026-01-20T19:49:58.1353249Z   File "/tmp/8de585cc330a9a2/app/api/users/user_registration.py", line 7, in <module>
2026-01-20T19:49:58.1353262Z     from app.utils import token_generator
2026-01-20T19:49:58.1353275Z   File "/tmp/8de585cc330a9a2/app/utils/token_generator.py", line 24, in <module>
2026-01-20T19:49:58.1353288Z     raise ValueError("[ERROR] SECRET_KEY is not set in the environment variables.")
2026-01-20T19:49:58.1353302Z ValueError: [ERROR] SECRET_KEY is not set in the environment variables.
2026-01-20T19:49:58.1530057Z [2026-01-20 19:49:58 +0000] [2113] [INFO] Worker exiting (pid: 2113)
2026-01-20T19:49:58.1530394Z [INFO] Trying to load: /tmp/8de585cc330a9a2/.env
2026-01-20T19:49:58.1530416Z [INFO] Exists: False
2026-01-20T19:49:58.1530431Z [INFO] SECRET_KEY from env: None
2026-01-20T19:49:58.2253032Z [2026-01-20 19:49:58 +0000] [2115] [ERROR] Exception in worker process
2026-01-20T19:49:58.2253426Z Traceback (most recent call last):
2026-01-20T19:49:58.2253452Z   File "/tmp/8de585cc330a9a2/antenv/lib/python3.10/site-packages/gunicorn/arbiter.py", line 609, in spawn_worker
2026-01-20T19:49:58.2253468Z     worker.init_process()
2026-01-20T19:49:58.2253484Z   File "/tmp/8de585cc330a9a2/antenv/lib/python3.10/site-packages/uvicorn/workers.py", line 75, in init_process
2026-01-20T19:49:58.2253496Z     super().init_process()
2026-01-20T19:49:58.2253518Z   File "/tmp/8de585cc330a9a2/antenv/lib/python3.10/site-packages/gunicorn/workers/base.py", line 134, in init_process
2026-01-20T19:49:58.2253537Z     self.load_wsgi()
2026-01-20T19:49:58.2253598Z   File "/tmp/8de585cc330a9a2/antenv/lib/python3.10/site-packages/gunicorn/workers/base.py", line 146, in load_wsgi
2026-01-20T19:49:58.2253612Z     self.wsgi = self.app.wsgi()
2026-01-20T19:49:58.2253628Z   File "/tmp/8de585cc330a9a2/antenv/lib/python3.10/site-packages/gunicorn/app/base.py", line 67, in wsgi
2026-01-20T19:49:58.2253641Z     self.callable = self.load()
2026-01-20T19:49:58.2253657Z   File "/tmp/8de585cc330a9a2/antenv/lib/python3.10/site-packages/gunicorn/app/wsgiapp.py", line 58, in load
2026-01-20T19:49:58.2253669Z     return self.load_wsgiapp()
2026-01-20T19:49:58.2253685Z   File "/tmp/8de585cc330a9a2/antenv/lib/python3.10/site-packages/gunicorn/app/wsgiapp.py", line 48, in load_wsgiapp
2026-01-20T19:49:58.2253699Z     return util.import_app(self.app_uri)
2026-01-20T19:49:58.2253714Z   File "/tmp/8de585cc330a9a2/antenv/lib/python3.10/site-packages/gunicorn/util.py", line 371, in import_app
2026-01-20T19:49:58.2253726Z     mod = importlib.import_module(module)
2026-01-20T19:49:58.2253757Z   File "/opt/python/3.10.19/lib/python3.10/importlib/__init__.py", line 126, in import_module
2026-01-20T19:49:58.2253772Z     return _bootstrap._gcd_import(name[level:], package, level)
2026-01-20T19:49:58.2253786Z   File "<frozen importlib._bootstrap>", line 1050, in _gcd_import
2026-01-20T19:49:58.2253800Z   File "<frozen importlib._bootstrap>", line 1027, in _find_and_load
2026-01-20T19:49:58.2253814Z   File "<frozen importlib._bootstrap>", line 1006, in _find_and_load_unlocked
2026-01-20T19:49:58.2253829Z   File "<frozen importlib._bootstrap>", line 688, in _load_unlocked
2026-01-20T19:49:58.2253842Z   File "<frozen importlib._bootstrap_external>", line 883, in exec_module
2026-01-20T19:49:58.2253857Z   File "<frozen importlib._bootstrap>", line 241, in _call_with_frames_removed
2026-01-20T19:49:58.2253870Z   File "/tmp/8de585cc330a9a2/main.py", line 3, in <module>
2026-01-20T19:49:58.2253884Z     from app.api.users.user_registration import router as user_registration
2026-01-20T19:49:58.2253900Z   File "/tmp/8de585cc330a9a2/app/api/users/user_registration.py", line 7, in <module>
2026-01-20T19:49:58.2253940Z     from app.utils import token_generator
2026-01-20T19:49:58.2253953Z   File "/tmp/8de585cc330a9a2/app/utils/token_generator.py", line 24, in <module>
2026-01-20T19:49:58.2253968Z     raise ValueError("[ERROR] SECRET_KEY is not set in the environment variables.")
2026-01-20T19:49:58.2253985Z ValueError: [ERROR] SECRET_KEY is not set in the environment variables.
2026-01-20T19:49:58.2459745Z [INFO] Trying to load: /tmp/8de585cc330a9a2/.env
2026-01-20T19:49:58.2460141Z [INFO] Exists: False
2026-01-20T19:49:58.2460157Z [INFO] SECRET_KEY from env: None
2026-01-20T19:49:58.2462259Z [2026-01-20 19:49:58 +0000] [2115] [INFO] Worker exiting (pid: 2115)
2026-01-20T19:49:58.2467873Z [2026-01-20 19:49:58 +0000] [2114] [ERROR] Exception in worker process
2026-01-20T19:49:58.2468028Z Traceback (most recent call last):
2026-01-20T19:49:58.2468050Z   File "/tmp/8de585cc330a9a2/antenv/lib/python3.10/site-packages/gunicorn/arbiter.py", line 609, in spawn_worker
2026-01-20T19:49:58.2468064Z     worker.init_process()
2026-01-20T19:49:58.2468105Z   File "/tmp/8de585cc330a9a2/antenv/lib/python3.10/site-packages/uvicorn/workers.py", line 75, in init_process
2026-01-20T19:49:58.2468118Z     super().init_process()
2026-01-20T19:49:58.2468133Z   File "/tmp/8de585cc330a9a2/antenv/lib/python3.10/site-packages/gunicorn/workers/base.py", line 134, in init_process
2026-01-20T19:49:58.2468145Z     self.load_wsgi()
2026-01-20T19:49:58.2468160Z   File "/tmp/8de585cc330a9a2/antenv/lib/python3.10/site-packages/gunicorn/workers/base.py", line 146, in load_wsgi
2026-01-20T19:49:58.2468172Z     self.wsgi = self.app.wsgi()
2026-01-20T19:49:58.2468188Z   File "/tmp/8de585cc330a9a2/antenv/lib/python3.10/site-packages/gunicorn/app/base.py", line 67, in wsgi
2026-01-20T19:49:58.2468199Z     self.callable = self.load()
2026-01-20T19:49:58.2468213Z   File "/tmp/8de585cc330a9a2/antenv/lib/python3.10/site-packages/gunicorn/app/wsgiapp.py", line 58, in load
2026-01-20T19:49:58.2468225Z     return self.load_wsgiapp()
2026-01-20T19:49:58.2468240Z   File "/tmp/8de585cc330a9a2/antenv/lib/python3.10/site-packages/gunicorn/app/wsgiapp.py", line 48, in load_wsgiapp
2026-01-20T19:49:58.2468278Z     return util.import_app(self.app_uri)
2026-01-20T19:49:58.2468292Z   File "/tmp/8de585cc330a9a2/antenv/lib/python3.10/site-packages/gunicorn/util.py", line 371, in import_app
2026-01-20T19:49:58.2468304Z     mod = importlib.import_module(module)
2026-01-20T19:49:58.2468320Z   File "/opt/python/3.10.19/lib/python3.10/importlib/__init__.py", line 126, in import_module
2026-01-20T19:49:58.2468333Z     return _bootstrap._gcd_import(name[level:], package, level)
2026-01-20T19:49:58.2468346Z   File "<frozen importlib._bootstrap>", line 1050, in _gcd_import
2026-01-20T19:49:58.2468359Z   File "<frozen importlib._bootstrap>", line 1027, in _find_and_load
2026-01-20T19:49:58.2468373Z   File "<frozen importlib._bootstrap>", line 1006, in _find_and_load_unlocked
2026-01-20T19:49:58.2468387Z   File "<frozen importlib._bootstrap>", line 688, in _load_unlocked
2026-01-20T19:49:58.2468401Z   File "<frozen importlib._bootstrap_external>", line 883, in exec_module
2026-01-20T19:49:58.2468490Z   File "<frozen importlib._bootstrap>", line 241, in _call_with_frames_removed
2026-01-20T19:49:58.2468504Z   File "/tmp/8de585cc330a9a2/main.py", line 3, in <module>
2026-01-20T19:49:58.2468517Z     from app.api.users.user_registration import router as user_registration
2026-01-20T19:49:58.2468531Z   File "/tmp/8de585cc330a9a2/app/api/users/user_registration.py", line 7, in <module>
2026-01-20T19:49:58.2468543Z     from app.utils import token_generator
2026-01-20T19:49:58.2468559Z   File "/tmp/8de585cc330a9a2/app/utils/token_generator.py", line 24, in <module>
2026-01-20T19:49:58.2468573Z     raise ValueError("[ERROR] SECRET_KEY is not set in the environment variables.")
2026-01-20T19:49:58.2468586Z ValueError: [ERROR] SECRET_KEY is not set in the environment variables.
2026-01-20T19:49:58.2903649Z [2026-01-20 19:49:58 +0000] [2114] [INFO] Worker exiting (pid: 2114)
2026-01-20T19:49:58.2907769Z [INFO] Trying to load: /tmp/8de585cc330a9a2/.env
2026-01-20T19:49:58.2907856Z [INFO] Exists: False
2026-01-20T19:49:58.2907873Z [INFO] SECRET_KEY from env: None
2026-01-20T19:50:00.6673141Z [2026-01-20 19:50:00 +0000] [2109] [ERROR] Worker (pid:2114) exited with code 3
2026-01-20T19:50:00.9191091Z [2026-01-20 19:50:00 +0000] [2109] [ERROR] Worker (pid:2115) was sent SIGTERM!
2026-01-20T19:50:00.9210342Z [2026-01-20 19:50:00 +0000] [2109] [ERROR] Worker (pid:2112) was sent SIGTERM!
2026-01-20T19:50:00.9498141Z [2026-01-20 19:50:00 +0000] [2109] [ERROR] Worker (pid:2113) was sent SIGTERM!
2026-01-20T19:50:01.0297900Z [2026-01-20 19:50:01 +0000] [2109] [ERROR] Shutting down: Master
2026-01-20T19:50:01.0298309Z [2026-01-20 19:50:01 +0000] [2109] [ERROR] Reason: Worker failed to boot.
